<html>
<body>
<pre>
<h1>µVision Build Log</h1>
<h2>Project:</h2>
C:\Keil\ValvanoWareTM4C123\RTOS_LAB_1-master\ST7735.uvproj
Project File Date:  01/25/2017

<h2>Output:</h2>
Build target 'ST7735'
compiling ST7735.c...
ST7735.c(907): warning:  #186-D: pointless comparison of unsigned integer with zero
    if(x > _width || x < 0)
ST7735.c(908): warning:  #68-D: integer conversion resulted in a change of sign
      return -1;
ST7735.c(910): warning:  #68-D: integer conversion resulted in a change of sign
      return -1;
ST7735.c(678): warning:  #550-D: variable "xstop" was set but never used
  uint16_t static xstop[4];      //pixels
ST7735.c: 4 warnings, 0 errors
compiling ST7735TestMain.c...
ST7735TestMain.c(507): warning:  #177-D: variable "lines" was declared but never referenced
    uint8_t lines = 8;
ST7735TestMain.c: 1 warning, 0 errors
linking...
Program Size: Code=2336 RO-data=2052 RW-data=100 ZI-data=1028  
".\ST7735.axf" - 0 Error(s), 5 Warning(s).
nt16_t static xstop[4];      //pixels
ST7735.c(1736): warning:  #177-D: function "LengthOfString" was declared but never referenced
  uint16_t static LengthOfString(char *str){
ST7735.c: 6 warnings, 0 errors
linking...
Program Size: Code=2336 RO-data=2052 RW-data=100 ZI-data=1028  
".\ST7735.axf" - 0 Error(s), 6 Warning(s).
 variable "xstart" was set but never used
  uint16_t static xstart[4];     //pixels
ST7735.c(678): warning:  #550-D: variable "xstop" was set but never used
  uint16_t static xstop[4];      //pixels
ST7735.c(1736): warning:  #177-D: function "LengthOfString" was declared but never referenced
  uint16_t static LengthOfString(char *str){
ST7735.c: 6 warnings, 3 errors
".\ST7735.axf" - 3 Error(s), 6 Warning(s).
Target not created
(s).
Target not created
