ARM Linker, 5.03 [Build 76] [MDK-ARM Lite]

==============================================================================

Section Cross References

    startup.o(RESET) refers to startup.o(STACK) for StackMem
    startup.o(RESET) refers to uart.o(i.UART0_Handler) for UART0_Handler
    startup.o(RESET) refers to adct2atrigger.o(i.ADC0Seq3_Handler) for ADC0Seq3_Handler
    startup.o(RESET) refers to timer4a.o(i.Timer4A_Handler) for Timer4A_Handler
    startup.o(RESET) refers to clock.o(i.Timer5A_Handler) for Timer5A_Handler
    startup.o(RESET) refers to entry.o(.ARM.Collect$$$$00000000) for __main
    st7735.o(i.Output_Clear) refers to st7735.o(i.ST7735_FillScreen) for ST7735_FillScreen
    st7735.o(i.Output_Color) refers to st7735.o(i.ST7735_SetTextColor) for ST7735_SetTextColor
    st7735.o(i.Output_Init) refers to st7735.o(i.ST7735_InitR) for ST7735_InitR
    st7735.o(i.Output_Init) refers to st7735.o(i.ST7735_FillScreen) for ST7735_FillScreen
    st7735.o(i.Output_Off) refers to st7735.o(i.Output_Clear) for Output_Clear
    st7735.o(i.Output_On) refers to st7735.o(i.Output_Init) for Output_Init
    st7735.o(i.ST7735_DrawBitmap) refers to st7735.o(i.setAddrWindow) for setAddrWindow
    st7735.o(i.ST7735_DrawBitmap) refers to st7735.o(i.writedata) for writedata
    st7735.o(i.ST7735_DrawBitmap) refers to st7735.o(.data) for _width
    st7735.o(i.ST7735_DrawChar) refers to st7735.o(i.setAddrWindow) for setAddrWindow
    st7735.o(i.ST7735_DrawChar) refers to st7735.o(i.pushColor) for pushColor
    st7735.o(i.ST7735_DrawChar) refers to st7735.o(.data) for _width
    st7735.o(i.ST7735_DrawChar) refers to st7735.o(.constdata) for Font
    st7735.o(i.ST7735_DrawCharS) refers to st7735.o(i.ST7735_DrawPixel) for ST7735_DrawPixel
    st7735.o(i.ST7735_DrawCharS) refers to st7735.o(i.ST7735_FillRect) for ST7735_FillRect
    st7735.o(i.ST7735_DrawCharS) refers to st7735.o(.data) for _width
    st7735.o(i.ST7735_DrawCharS) refers to st7735.o(.constdata) for Font
    st7735.o(i.ST7735_DrawFastHLine) refers to st7735.o(i.setAddrWindow) for setAddrWindow
    st7735.o(i.ST7735_DrawFastHLine) refers to st7735.o(i.writedata) for writedata
    st7735.o(i.ST7735_DrawFastHLine) refers to st7735.o(.data) for _width
    st7735.o(i.ST7735_DrawFastVLine) refers to st7735.o(i.setAddrWindow) for setAddrWindow
    st7735.o(i.ST7735_DrawFastVLine) refers to st7735.o(i.writedata) for writedata
    st7735.o(i.ST7735_DrawFastVLine) refers to st7735.o(.data) for _width
    st7735.o(i.ST7735_DrawPixel) refers to st7735.o(i.setAddrWindow) for setAddrWindow
    st7735.o(i.ST7735_DrawPixel) refers to st7735.o(i.pushColor) for pushColor
    st7735.o(i.ST7735_DrawPixel) refers to st7735.o(.data) for _width
    st7735.o(i.ST7735_DrawString) refers to st7735.o(i.ST7735_DrawCharS) for ST7735_DrawCharS
    st7735.o(i.ST7735_FillRect) refers to st7735.o(i.setAddrWindow) for setAddrWindow
    st7735.o(i.ST7735_FillRect) refers to st7735.o(i.writedata) for writedata
    st7735.o(i.ST7735_FillRect) refers to st7735.o(.data) for _width
    st7735.o(i.ST7735_FillScreen) refers to st7735.o(i.ST7735_FillRect) for ST7735_FillRect
    st7735.o(i.ST7735_FillScreen) refers to st7735.o(.data) for _height
    st7735.o(i.ST7735_InitB) refers to st7735.o(i.commonInit) for commonInit
    st7735.o(i.ST7735_InitB) refers to st7735.o(i.ST7735_SetCursor) for ST7735_SetCursor
    st7735.o(i.ST7735_InitB) refers to st7735.o(i.ST7735_FillScreen) for ST7735_FillScreen
    st7735.o(i.ST7735_InitB) refers to st7735.o(.constdata) for Bcmd
    st7735.o(i.ST7735_InitB) refers to st7735.o(.data) for StTextColor
    st7735.o(i.ST7735_InitR) refers to st7735.o(i.commonInit) for commonInit
    st7735.o(i.ST7735_InitR) refers to st7735.o(i.commandList) for commandList
    st7735.o(i.ST7735_InitR) refers to st7735.o(i.writecommand) for writecommand
    st7735.o(i.ST7735_InitR) refers to st7735.o(i.writedata) for writedata
    st7735.o(i.ST7735_InitR) refers to st7735.o(i.ST7735_SetCursor) for ST7735_SetCursor
    st7735.o(i.ST7735_InitR) refers to st7735.o(i.ST7735_FillScreen) for ST7735_FillScreen
    st7735.o(i.ST7735_InitR) refers to st7735.o(.constdata) for Rcmd1
    st7735.o(i.ST7735_InitR) refers to st7735.o(.data) for ColStart
    st7735.o(i.ST7735_InvertDisplay) refers to st7735.o(i.writecommand) for writecommand
    st7735.o(i.ST7735_OutChar) refers to st7735.o(i.ST7735_DrawString) for ST7735_DrawString
    st7735.o(i.ST7735_OutChar) refers to st7735.o(i.ST7735_DrawCharS) for ST7735_DrawCharS
    st7735.o(i.ST7735_OutChar) refers to st7735.o(.data) for StY
    st7735.o(i.ST7735_OutString) refers to st7735.o(i.ST7735_OutChar) for ST7735_OutChar
    st7735.o(i.ST7735_OutUDec) refers to st7735.o(i.fillmessage) for fillmessage
    st7735.o(i.ST7735_OutUDec) refers to st7735.o(i.ST7735_DrawString) for ST7735_DrawString
    st7735.o(i.ST7735_OutUDec) refers to st7735.o(i.ST7735_DrawCharS) for ST7735_DrawCharS
[...]
    printfb.o(i.__0vprintf$bare) refers to printfb.o(i._printf_core) for _printf_core
    printfb.o(i.__0vprintf$bare) refers to st7735.o(i.fputc) for fputc
    printfb.o(i.__0vprintf$bare) refers to stdout.o(.data) for __stdout
    printfb.o(i.__0vsnprintf$bare) refers to printfb.o(i._printf_core) for _printf_core
    printfb.o(i.__0vsnprintf$bare) refers to printfb.o(i._snputc) for _snputc
    printfb.o(i.__0vsprintf$bare) refers to printfb.o(i._printf_core) for _printf_core
    printfb.o(i.__0vsprintf$bare) refers to printfb.o(i._sputc) for _sputc
    printf0.o(i.__0fprintf$0) refers to printf0.o(i._printf_core) for _printf_core
    printf0.o(i.__0fprintf$0) refers to st7735.o(i.fputc) for fputc
    printf0.o(i.__0printf$0) refers to printf0.o(i._printf_core) for _printf_core
    printf0.o(i.__0printf$0) refers to st7735.o(i.fputc) for fputc
    printf0.o(i.__0printf$0) refers to stdout.o(.data) for __stdout
    printf0.o(i.__0snprintf$0) refers to printf0.o(i._printf_core) for _printf_core
    printf0.o(i.__0snprintf$0) refers to printf0.o(i._snputc) for _snputc
    printf0.o(i.__0sprintf$0) refers to printf0.o(i._printf_core) for _printf_core
    printf0.o(i.__0sprintf$0) refers to printf0.o(i._sputc) for _sputc
    printf0.o(i.__0vfprintf$0) refers to printf0.o(i._printf_core) for _printf_core
    printf0.o(i.__0vfprintf$0) refers to st7735.o(i.fputc) for fputc
    printf0.o(i.__0vprintf$0) refers to printf0.o(i._printf_core) for _printf_core
    printf0.o(i.__0vprintf$0) refers to st7735.o(i.fputc) for fputc
    printf0.o(i.__0vprintf$0) refers to stdout.o(.data) for __stdout
    printf0.o(i.__0vsnprintf$0) refers to printf0.o(i._printf_core) for _printf_core
    printf0.o(i.__0vsnprintf$0) refers to printf0.o(i._snputc) for _snputc
    printf0.o(i.__0vsprintf$0) refers to printf0.o(i._printf_core) for _printf_core
    printf0.o(i.__0vsprintf$0) refers to printf0.o(i._sputc) for _sputc
    printf1.o(i.__0fprintf$1) refers to printf1.o(i._printf_core) for _printf_core
    printf1.o(i.__0fprintf$1) refers to st7735.o(i.fputc) for fputc
    printf1.o(i.__0printf$1) refers to printf1.o(i._printf_core) for _printf_core
    printf1.o(i.__0printf$1) refers to st7735.o(i.fputc) for fputc
    printf1.o(i.__0printf$1) refers to stdout.o(.data) for __stdout
    printf1.o(i.__0snprintf$1) refers to printf1.o(i._printf_core) for _printf_core
    printf1.o(i.__0snprintf$1) refers to printf1.o(i._snputc) for _snputc
    printf1.o(i.__0sprintf$1) refers to printf1.o(i._printf_core) for _printf_core
    printf1.o(i.__0sprintf$1) refers to printf1.o(i._sputc) for _sputc
    printf1.o(i.__0vfprintf$1) refers to printf1.o(i._printf_core) for _printf_core
    printf1.o(i.__0vfprintf$1) refers to st7735.o(i.fputc) for fputc
    printf1.o(i.__0vprintf$1) refers to printf1.o(i._printf_core) for _printf_core
    printf1.o(i.__0vprintf$1) refers to st7735.o(i.fputc) for fputc
    printf1.o(i.__0vprintf$1) refers to stdout.o(.data) for __stdout
    printf1.o(i.__0vsnprintf$1) refers to printf1.o(i._printf_core) for _printf_core
    printf1.o(i.__0vsnprintf$1) refers to printf1.o(i._snputc) for _snputc
    printf1.o(i.__0vsprintf$1) refers to printf1.o(i._printf_core) for _printf_core
    printf1.o(i.__0vsprintf$1) refers to printf1.o(i._sputc) for _sputc
    printf1.o(i._printf_core) refers to uidiv.o(.text) for __aeabi_uidivmod
    printf2.o(i.__0fprintf$2) refers to printf2.o(i._printf_core) for _printf_core
    printf2.o(i.__0fprintf$2) refers to st7735.o(i.fputc) for fputc
    printf2.o(i.__0printf$2) refers to printf2.o(i._printf_core) for _printf_core
    printf2.o(i.__0printf$2) refers to st7735.o(i.fputc) for fputc
    printf2.o(i.__0printf$2) refers to stdout.o(.data) for __stdout
    printf2.o(i.__0snprintf$2) refers to printf2.o(i._printf_core) for _printf_core
    printf2.o(i.__0snprintf$2) refers to printf2.o(i._snputc) for _snputc
    printf2.o(i.__0sprintf$2) refers to printf2.o(i._printf_core) for _printf_core
    printf2.o(i.__0sprintf$2) refers to printf2.o(i._sputc) for _sputc
    printf2.o(i.__0vfprintf$2) refers to printf2.o(i._printf_core) for _printf_core
    printf2.o(i.__0vfprintf$2) refers to st7735.o(i.fputc) for fputc
    printf2.o(i.__0vprintf$2) refers to printf2.o(i._printf_core) for _printf_core
    printf2.o(i.__0vprintf$2) refers to st7735.o(i.fputc) for fputc
    printf2.o(i.__0vprintf$2) refers to stdout.o(.data) for __stdout
    printf2.o(i.__0vsnprintf$2) refers to printf2.o(i._printf_core) for _printf_core
    printf2.o(i.__0vsnprintf$2) refers to printf2.o(i._snputc) for _snputc
    printf2.o(i.__0vsprintf$2) refers to printf2.o(i._printf_core) for _printf_core
    printf2.o(i.__0vsprintf$2) refers to printf2.o(i._sputc) for _sputc
    printf3.o(i.__0fprintf$3) refers to printf3.o(i._printf_core) for _printf_core
    printf3.o(i.__0fprintf$3) refers to st7735.o(i.fputc) for fputc
    printf3.o(i.__0printf$3) refers to printf3.o(i._printf_core) for _printf_core
    printf3.o(i.__0printf$3) refers to st7735.o(i.fputc) for fputc
    printf3.o(i.__0printf$3) refers to stdout.o(.data) for __stdout
    printf3.o(i.__0snprintf$3) refers to printf3.o(i._printf_core) for _printf_core
    printf3.o(i.__0snprintf$3) refers to printf3.o(i._snputc) for _snputc
    printf3.o(i.__0sprintf$3) refers to printf3.o(i._printf_core) for _printf_core
    printf3.o(i.__0sprintf$3) refers to printf3.o(i._sputc) for _sputc
    printf3.o(i.__0vfprintf$3) refers to printf3.o(i._printf_core) for _printf_core
    printf3.o(i.__0vfprintf$3) refers to st7735.o(i.fputc) for fputc
    printf3.o(i.__0vprintf$3) refers to printf3.o(i._printf_core) for _printf_core
    printf3.o(i.__0vprintf$3) refers to st7735.o(i.fputc) for fputc
    printf3.o(i.__0vprintf$3) refers to stdout.o(.data) for __stdout
    printf3.o(i.__0vsnprintf$3) refers to printf3.o(i._printf_core) for _printf_core
    printf3.o(i.__0vsnprintf$3) refers to printf3.o(i._snputc) for _snputc
    printf3.o(i.__0vsprintf$3) refers to printf3.o(i._printf_core) for _printf_core
    printf3.o(i.__0vsprintf$3) refers to printf3.o(i._sputc) for _sputc
    printf3.o(i._printf_core) refers to uidiv.o(.text) for __aeabi_uidivmod
    printf4.o(i.__0fprintf$4) refers to printf4.o(i._printf_core) for _printf_core
    printf4.o(i.__0fprintf$4) refers to st7735.o(i.fputc) for fputc
    printf4.o(i.__0printf$4) refers to printf4.o(i._printf_core) for _printf_core
    printf4.o(i.__0printf$4) refers to st7735.o(i.fputc) for fputc
    printf4.o(i.__0printf$4) refers to stdout.o(.data) for __stdout
    printf4.o(i.__0snprintf$4) refers to printf4.o(i._printf_core) for _printf_core
    printf4.o(i.__0snprintf$4) refers to printf4.o(i._snputc) for _snputc
    printf4.o(i.__0sprintf$4) refers to printf4.o(i._printf_core) for _printf_core
    printf4.o(i.__0sprintf$4) refers to printf4.o(i._sputc) for _sputc
    printf4.o(i.__0vfprintf$4) refers to printf4.o(i._printf_core) for _printf_core
    printf4.o(i.__0vfprintf$4) refers to st7735.o(i.fputc) for fputc
    printf4.o(i.__0vprintf$4) refers to printf4.o(i._printf_core) for _printf_core
    printf4.o(i.__0vprintf$4) refers to st7735.o(i.fputc) for fputc
    printf4.o(i.__0vprintf$4) refers to stdout.o(.data) for __stdout
    printf4.o(i.__0vsnprintf$4) refers to printf4.o(i._printf_core) for _printf_core
    printf4.o(i.__0vsnprintf$4) refers to printf4.o(i._snputc) for _snputc
    printf4.o(i.__0vsprintf$4) refers to printf4.o(i._printf_core) for _printf_core
    printf4.o(i.__0vsprintf$4) refers to printf4.o(i._sputc) for _sputc
    printf4.o(i._printf_core) refers to uldiv.o(.text) for __aeabi_uldivmod
    printf5.o(i.__0fprintf$5) refers to printf5.o(i._printf_core) for _printf_core
    printf5.o(i.__0fprintf$5) refers to st7735.o(i.fputc) for fputc
    printf5.o(i.__0printf$5) refers to printf5.o(i._printf_core) for _printf_core
    printf5.o(i.__0printf$5) refers to st7735.o(i.fputc) for fputc
    printf5.o(i.__0printf$5) refers to stdout.o(.data) for __stdout
    printf5.o(i.__0snprintf$5) refers to printf5.o(i._printf_core) for _printf_core
    printf5.o(i.__0snprintf$5) refers to printf5.o(i._snputc) for _snputc
    printf5.o(i.__0sprintf$5) refers to printf5.o(i._printf_core) for _printf_core
    printf5.o(i.__0sprintf$5) refers to printf5.o(i._sputc) for _sputc
    printf5.o(i.__0vfprintf$5) refers to printf5.o(i._printf_core) for _printf_core
    printf5.o(i.__0vfprintf$5) refers to st7735.o(i.fputc) for fputc
    printf5.o(i.__0vprintf$5) refers to printf5.o(i._printf_core) for _printf_core
    printf5.o(i.__0vprintf$5) refers to st7735.o(i.fputc) for fputc
    printf5.o(i.__0vprintf$5) refers to stdout.o(.data) for __stdout
    printf5.o(i.__0vsnprintf$5) refers to printf5.o(i._printf_core) for _printf_core
    printf5.o(i.__0vsnprintf$5) refers to printf5.o(i._snputc) for _snputc
    printf5.o(i.__0vsprintf$5) refers to printf5.o(i._printf_core) for _printf_core
    printf5.o(i.__0vsprintf$5) refers to printf5.o(i._sputc) for _sputc
    printf5.o(i._printf_core) refers to uldiv.o(.text) for __aeabi_uldivmod
    printf6.o(i.__0fprintf$6) refers to printf6.o(i._printf_core) for _printf_core
    printf6.o(i.__0fprintf$6) refers to st7735.o(i.fputc) for fputc
    printf6.o(i.__0printf$6) refers to printf6.o(i._printf_core) for _printf_core
    printf6.o(i.__0printf$6) refers to st7735.o(i.fputc) for fputc
    printf6.o(i.__0printf$6) refers to stdout.o(.data) for __stdout
    printf6.o(i.__0snprintf$6) refers to printf6.o(i._printf_core) for _printf_core
    printf6.o(i.__0snprintf$6) refers to printf6.o(i._snputc) for _snputc
    printf6.o(i.__0sprintf$6) refers to printf6.o(i._printf_core) for _printf_core
    printf6.o(i.__0sprintf$6) refers to printf6.o(i._sputc) for _sputc
    printf6.o(i.__0vfprintf$6) refers to printf6.o(i._printf_core) for _printf_core
    printf6.o(i.__0vfprintf$6) refers to st7735.o(i.fputc) for fputc
    printf6.o(i.__0vprintf$6) refers to printf6.o(i._printf_core) for _printf_core
    printf6.o(i.__0vprintf$6) refers to st7735.o(i.fputc) for fputc
    printf6.o(i.__0vprintf$6) refers to stdout.o(.data) for __stdout
    printf6.o(i.__0vsnprintf$6) refers to printf6.o(i._printf_core) for _printf_core
    printf6.o(i.__0vsnprintf$6) refers to printf6.o(i._snputc) for _snputc
    printf6.o(i.__0vsprintf$6) refers to printf6.o(i._printf_core) for _printf_core
    printf6.o(i.__0vsprintf$6) refers to printf6.o(i._sputc) for _sputc
    printf6.o(i._printf_core) refers to printf6.o(i._printf_pre_padding) for _printf_pre_padding
    printf6.o(i._printf_core) refers to uidiv.o(.text) for __aeabi_uidivmod
    printf6.o(i._printf_core) refers to printf6.o(i._printf_post_padding) for _printf_post_padding
    printf7.o(i.__0fprintf$7) refers to printf7.o(i._printf_core) for _printf_core
    printf7.o(i.__0fprintf$7) refers to st7735.o(i.fputc) for fputc
    printf7.o(i.__0printf$7) refers to printf7.o(i._printf_core) for _printf_core
    printf7.o(i.__0printf$7) refers to st7735.o(i.fputc) for fputc
    printf7.o(i.__0printf$7) refers to stdout.o(.data) for __stdout
    printf7.o(i.__0snprintf$7) refers to printf7.o(i._printf_core) for _printf_core
    printf7.o(i.__0snprintf$7) refers to printf7.o(i._snputc) for _snputc
    printf7.o(i.__0sprintf$7) refers to printf7.o(i._printf_core) for _printf_core
    printf7.o(i.__0sprintf$7) refers to printf7.o(i._sputc) for _sputc
    printf7.o(i.__0vfprintf$7) refers to printf7.o(i._printf_core) for _printf_core
    printf7.o(i.__0vfprintf$7) refers to st7735.o(i.fputc) for fputc
    printf7.o(i.__0vprintf$7) refers to printf7.o(i._printf_core) for _printf_core
    printf7.o(i.__0vprintf$7) refers to st7735.o(i.fputc) for fputc
    printf7.o(i.__0vprintf$7) refers to stdout.o(.data) for __stdout
    printf7.o(i.__0vsnprintf$7) refers to printf7.o(i._printf_core) for _printf_core
    printf7.o(i.__0vsnprintf$7) refers to printf7.o(i._snputc) for _snputc
    printf7.o(i.__0vsprintf$7) refers to printf7.o(i._printf_core) for _printf_core
    printf7.o(i.__0vsprintf$7) refers to printf7.o(i._sputc) for _sputc
    printf7.o(i._printf_core) refers to printf7.o(i._printf_pre_padding) for _printf_pre_padding
    printf7.o(i._printf_core) refers to uldiv.o(.text) for __aeabi_uldivmod
    printf7.o(i._printf_core) refers to printf7.o(i._printf_post_padding) for _printf_post_padding
    printf8.o(i.__0fprintf$8) refers to printf8.o(i._printf_core) for _printf_core
    printf8.o(i.__0fprintf$8) refers to st7735.o(i.fputc) for fputc
    printf8.o(i.__0printf$8) refers to printf8.o(i._printf_core) for _printf_core
    printf8.o(i.__0printf$8) refers to st7735.o(i.fputc) for fputc
    printf8.o(i.__0printf$8) refers to stdout.o(.data) for __stdout
    printf8.o(i.__0snprintf$8) refers to printf8.o(i._printf_core) for _printf_core
    printf8.o(i.__0snprintf$8) refers to printf8.o(i._snputc) for _snputc
    printf8.o(i.__0sprintf$8) refers to printf8.o(i._printf_core) for _printf_core
    printf8.o(i.__0sprintf$8) refers to printf8.o(i._sputc) for _sputc
    printf8.o(i.__0vfprintf$8) refers to printf8.o(i._printf_core) for _printf_core
    printf8.o(i.__0vfprintf$8) refers to st7735.o(i.fputc) for fputc
    printf8.o(i.__0vprintf$8) refers to printf8.o(i._printf_core) for _printf_core
    printf8.o(i.__0vprintf$8) refers to st7735.o(i.fputc) for fputc
    printf8.o(i.__0vprintf$8) refers to stdout.o(.data) for __stdout
    printf8.o(i.__0vsnprintf$8) refers to printf8.o(i._printf_core) for _printf_core
    printf8.o(i.__0vsnprintf$8) refers to printf8.o(i._snputc) for _snputc
    printf8.o(i.__0vsprintf$8) refers to printf8.o(i._printf_core) for _printf_core
    printf8.o(i.__0vsprintf$8) refers to printf8.o(i._sputc) for _sputc
    printf8.o(i._printf_core) refers to printf8.o(i._printf_pre_padding) for _printf_pre_padding
    printf8.o(i._printf_core) refers to uldiv.o(.text) for __aeabi_uldivmod
    printf8.o(i._printf_core) refers to printf8.o(i._printf_post_padding) for _printf_post_padding
    printfa.o(i.__0fprintf) refers (Special) to iusefp.o(.text) for __I$use$fp
    printfa.o(i.__0fprintf) refers to printfa.o(i._printf_core) for _printf_core
    printfa.o(i.__0fprintf) refers to st7735.o(i.fputc) for fputc
    printfa.o(i.__0printf) refers (Special) to iusefp.o(.text) for __I$use$fp
    printfa.o(i.__0printf) refers to printfa.o(i._printf_core) for _printf_core
    printfa.o(i.__0printf) refers to st7735.o(i.fputc) for fputc
    printfa.o(i.__0printf) refers to stdout.o(.data) for __stdout
    printfa.o(i.__0snprintf) refers (Special) to iusefp.o(.text) for __I$use$fp
    printfa.o(i.__0snprintf) refers to printfa.o(i._printf_core) for _printf_core
    printfa.o(i.__0snprintf) refers to printfa.o(i._snputc) for _snputc
    printfa.o(i.__0sprintf) refers (Special) to iusefp.o(.text) for __I$use$fp
    printfa.o(i.__0sprintf) refers to printfa.o(i._printf_core) for _printf_core
    printfa.o(i.__0sprintf) refers to printfa.o(i._sputc) for _sputc
    printfa.o(i.__0vfprintf) refers (Special) to iusefp.o(.text) for __I$use$fp
    printfa.o(i.__0vfprintf) refers to printfa.o(i._printf_core) for _printf_core
    printfa.o(i.__0vfprintf) refers to st7735.o(i.fputc) for fputc
    printfa.o(i.__0vprintf) refers (Special) to iusefp.o(.text) for __I$use$fp
    printfa.o(i.__0vprintf) refers to printfa.o(i._printf_core) for _printf_core
    printfa.o(i.__0vprintf) refers to st7735.o(i.fputc) for fputc
    printfa.o(i.__0vprintf) refers to stdout.o(.data) for __stdout
    printfa.o(i.__0vsnprintf) refers (Special) to iusefp.o(.text) for __I$use$fp
    printfa.o(i.__0vsnprintf) refers to printfa.o(i._printf_core) for _printf_core
    printfa.o(i.__0vsnprintf) refers to printfa.o(i._snputc) for _snputc
    printfa.o(i.__0vsprintf) refers (Special) to iusefp.o(.text) for __I$use$fp
    printfa.o(i.__0vsprintf) refers to printfa.o(i._printf_core) for _printf_core
    printfa.o(i.__0vsprintf) refers to printfa.o(i._sputc) for _sputc
    printfa.o(i._fp_digits) refers (Special) to iusefp.o(.text) for __I$use$fp
    printfa.o(i._fp_digits) refers to dmul.o(.text) for __aeabi_dmul
    printfa.o(i._fp_digits) refers to ddiv.o(.text) for __aeabi_ddiv
    printfa.o(i._fp_digits) refers to cdrcmple.o(.text) for __aeabi_cdrcmple
    printfa.o(i._fp_digits) refers to dadd.o(.text) for __aeabi_dadd
    printfa.o(i._fp_digits) refers to dfixul.o(.text) for __aeabi_d2ulz
    printfa.o(i._fp_digits) refers to uldiv.o(.text) for __aeabi_uldivmod
    printfa.o(i._printf_core) refers (Special) to iusefp.o(.text) for __I$use$fp
    printfa.o(i._printf_core) refers to printfa.o(i._printf_pre_padding) for _printf_pre_padding
    printfa.o(i._printf_core) refers to uldiv.o(.text) for __aeabi_uldivmod
    printfa.o(i._printf_core) refers to printfa.o(i._printf_post_padding) for _printf_post_padding
    printfa.o(i._printf_core) refers to printfa.o(i._fp_digits) for _fp_digits
    printfa.o(i._printf_core) refers to uidiv.o(.text) for __aeabi_uidivmod
    printfa.o(i._printf_post_padding) refers (Special) to iusefp.o(.text) for __I$use$fp
    printfa.o(i._printf_pre_padding) refers (Special) to iusefp.o(.text) for __I$use$fp
    printfa.o(i._snputc) refers (Special) to iusefp.o(.text) for __I$use$fp
    printfa.o(i._sputc) refers (Special) to iusefp.o(.text) for __I$use$fp
    malloc.o(i.free) refers to mvars.o(.data) for __microlib_freelist
    malloc.o(i.malloc) refers to mvars.o(.data) for __microlib_freelist_initialised
    malloc.o(i.malloc) refers to mvars.o(.data) for __microlib_freelist
    malloc.o(i.malloc) refers to startup.o(HEAP) for __heap_base
    mallocr.o(i.__free$realloc) refers to mvars.o(.data) for __microlib_freelist
    mallocr.o(i.__malloc$realloc) refers to mallocr.o(i.internal_alloc) for internal_alloc
    mallocr.o(i.__malloc$realloc) refers to mvars.o(.data) for __microlib_freelist_initialised
    mallocr.o(i.__malloc$realloc) refers to startup.o(HEAP) for __heap_base
    mallocr.o(i.__malloc$realloc) refers to mvars.o(.data) for __microlib_freelist
    mallocr.o(i.internal_alloc) refers to memcpya.o(.text) for __aeabi_memcpy
    mallocr.o(i.internal_alloc) refers to mvars.o(.data) for __microlib_freelist
    mallocr.o(i.realloc) refers to mallocr.o(i.__free$realloc) for __free$realloc
    mallocr.o(i.realloc) refers to mallocr.o(i.internal_alloc) for internal_alloc
    mallocr.o(i.realloc) refers to mallocr.o(i.__malloc$realloc) for __malloc$realloc
    mallocr.o(i.realloc) refers to mvars.o(.data) for __microlib_freelist
    malloca.o(i.__aligned_malloc) refers to mvars.o(.data) for __microlib_freelist_initialised
    malloca.o(i.__aligned_malloc) refers to mvars.o(.data) for __microlib_freelist
    malloca.o(i.__aligned_malloc) refers to startup.o(HEAP) for __heap_base
    malloca.o(i.__free$memalign) refers to mvars.o(.data) for __microlib_freelist
    malloca.o(i.__malloc$memalign) refers to malloca.o(i.__aligned_malloc) for __aligned_malloc
    mallocra.o(i.__aligned_malloc$realloc) refers to mallocra.o(i.internal_alloc) for internal_alloc
    mallocra.o(i.__aligned_malloc$realloc) refers to mvars.o(.data) for __microlib_freelist_initialised
    mallocra.o(i.__aligned_malloc$realloc) refers to startup.o(HEAP) for __heap_base
    mallocra.o(i.__aligned_malloc$realloc) refers to mvars.o(.data) for __microlib_freelist
    mallocra.o(i.__free$realloc$memalign) refers to mvars.o(.data) for __microlib_freelist
    mallocra.o(i.__malloc$realloc$memalign) refers to mallocra.o(i.__aligned_malloc$realloc) for __aligned_malloc$realloc
    mallocra.o(i.__realloc$memalign) refers to mallocra.o(i.__free$realloc$memalign) for __free$realloc$memalign
    mallocra.o(i.__realloc$memalign) refers to mallocra.o(i.internal_alloc) for internal_alloc
    mallocra.o(i.__realloc$memalign) refers to mallocra.o(i.__malloc$realloc$memalign) for __malloc$realloc$memalign
    mallocra.o(i.__realloc$memalign) refers to mvars.o(.data) for __microlib_freelist
    mallocra.o(i.internal_alloc) refers to memcpya.o(.text) for __aeabi_memcpy
    mallocra.o(i.internal_alloc) refers to mvars.o(.data) for __microlib_freelist
    dmul.o(.text) refers (Special) to iusefp.o(.text) for __I$use$fp
    dmul.o(.text) refers to depilogue.o(.text) for _double_epilogue
    ddiv.o(.text) refers (Special) to iusefp.o(.text) for __I$use$fp
    ddiv.o(.text) refers to depilogue.o(.text) for _double_round
    dfltui.o(.text) refers (Special) to iusefp.o(.text) for __I$use$fp
    dfltui.o(.text) refers to depilogue.o(.text) for _double_epilogue
    dfixi.o(.text) refers (Special) to iusefp.o(.text) for __I$use$fp
    dfixi.o(.text) refers to llushr.o(.text) for __aeabi_llsr
    entry2.o(.ARM.Collect$$$$00000001) refers to entry2.o(.ARM.Collect$$$$00002712) for __lit__00000000
    entry2.o(.ARM.Collect$$$$00002712) refers to startup.o(STACK) for __initial_sp
    entry2.o(__vectab_stack_and_reset_area) refers to startup.o(STACK) for __initial_sp
    entry2.o(__vectab_stack_and_reset_area) refers to entry.o(.ARM.Collect$$$$00000000) for __main
    entry5.o(.ARM.Collect$$$$00000004) refers to init.o(.text) for __scatterload
    entry9a.o(.ARM.Collect$$$$0000000B) refers to lab1.o(i.main) for main
    entry9b.o(.ARM.Collect$$$$0000000C) refers to lab1.o(i.main) for main
    uldiv.o(.text) refers to llushr.o(.text) for __aeabi_llsr
    uldiv.o(.text) refers to llshl.o(.text) for __aeabi_llsl
    depilogue.o(.text) refers to llshl.o(.text) for __aeabi_llsl
    depilogue.o(.text) refers to llushr.o(.text) for __aeabi_llsr
    dadd.o(.text) refers to llshl.o(.text) for __aeabi_llsl
    dadd.o(.text) refers to llsshr.o(.text) for __aeabi_lasr
    dadd.o(.text) refers to depilogue.o(.text) for _double_epilogue
    dfixul.o(.text) refers to llushr.o(.text) for __aeabi_llsr
    dfixul.o(.text) refers to llshl.o(.text) for __aeabi_llsl
    init.o(.text) refers to entry5.o(.ARM.Collect$$$$00000004) for __main_after_scatterload


==============================================================================

Removing Unused input sections from the image.

    Removing st7735.o(i.LengthOfString), (18 bytes).
    Removing st7735.o(i.Output_Clear), (10 bytes).
    Removing st7735.o(i.Output_Color), (12 bytes).
    Removing st7735.o(i.Output_Init), (16 bytes).
    Removing st7735.o(i.Output_Off), (8 bytes).
    Removing st7735.o(i.Output_On), (8 bytes).
    Removing st7735.o(i.ST7735_Color565), (24 bytes).
    Removing st7735.o(i.ST7735_DrawBitmap), (288 bytes).
    Removing st7735.o(i.ST7735_DrawChar), (268 bytes).
    Removing st7735.o(i.ST7735_DrawFastVLine), (124 bytes).
    Removing st7735.o(i.ST7735_InitB), (40 bytes).
    Removing st7735.o(i.ST7735_InvertDisplay), (22 bytes).
    Removing st7735.o(i.ST7735_OutChar), (212 bytes).
    Removing st7735.o(i.ST7735_OutString), (24 bytes).
    Removing st7735.o(i.ST7735_OutUDec), (140 bytes).
    Removing st7735.o(i.ST7735_PlotBar), (88 bytes).
    Removing st7735.o(i.ST7735_PlotClear), (92 bytes).
    Removing st7735.o(i.ST7735_PlotLine), (264 bytes).
    Removing st7735.o(i.ST7735_PlotNext), (32 bytes).
    Removing st7735.o(i.ST7735_PlotNextErase), (64 bytes).
    Removing st7735.o(i.ST7735_PlotPoint), (152 bytes).
    Removing st7735.o(i.ST7735_PlotPoints), (172 bytes).
    Removing st7735.o(i.ST7735_PlotdBfs), (60 bytes).
    Removing st7735.o(i.ST7735_SetRotation), (212 bytes).
    Removing st7735.o(i.ST7735_SetTextColor), (12 bytes).
    Removing st7735.o(i.ST7735_SwapColor), (18 bytes).
    Removing st7735.o(i.ST7735_ds_DrawBitmap), (8 bytes).
    Removing st7735.o(i.ST7735_ds_DrawChar), (140 bytes).
    Removing st7735.o(i.ST7735_ds_DrawCharS), (140 bytes).
    Removing st7735.o(i.ST7735_ds_DrawFastHLine), (116 bytes).
    Removing st7735.o(i.ST7735_ds_DrawFastVLine), (116 bytes).
    Removing st7735.o(i.ST7735_ds_DrawPixel), (108 bytes).
    Removing st7735.o(i.ST7735_ds_DrawString), (128 bytes).
    Removing st7735.o(i.ST7735_ds_InitB), (32 bytes).
    Removing st7735.o(i.ST7735_ds_InvertDisplay), (2 bytes).
    Removing st7735.o(i.ST7735_ds_OutUDec), (2 bytes).
    Removing st7735.o(i.ST7735_ds_PlotBar), (2 bytes).
    Removing st7735.o(i.ST7735_ds_PlotClear), (2 bytes).
    Removing st7735.o(i.ST7735_ds_PlotLine), (2 bytes).
    Removing st7735.o(i.ST7735_ds_PlotNext), (40 bytes).
    Removing st7735.o(i.ST7735_ds_PlotNextErase), (104 bytes).
    Removing st7735.o(i.ST7735_ds_PlotPoint), (2 bytes).
    Removing st7735.o(i.ST7735_ds_PlotPoints), (2 bytes).
    Removing st7735.o(i.ST7735_ds_PlotdBfs), (2 bytes).
    Removing st7735.o(i.ST7735_ds_SetTextColor), (12 bytes).
    Removing st7735.o(i.ferror), (8 bytes).
    Removing st7735.o(i.fgetc), (6 bytes).
    Removing st7735.o(i.fputc), (16 bytes).
    Removing adct2atrigger.o(i.ADC0_InitTimer2ATriggerSeq3), (1068 bytes).
    Removing adct2atrigger.o(i.ADC0_InitTimer2ATriggerSeq3PD3), (300 bytes).
    Removing clock.o(i.Clock_SetDay), (12 bytes).
    Removing clock.o(i.Clock_SetHour), (12 bytes).
    Removing clock.o(i.Clock_SetMinute), (12 bytes).
    Removing clock.o(i.Clock_SetMonth), (20 bytes).
    Removing clock.o(i.Clock_SetSecond), (20 bytes).
    Removing clock.o(i.Clock_SetYear), (20 bytes).
    Removing interpreter.o(i.INTERPRETER_initArray), (28 bytes).
    Removing interpreter.o(i.INTERPRETER_printParams), (60 bytes).
    Removing lab1.o(i.main0), (76 bytes).
    Removing lab1.o(i.main01), (212 bytes).
    Removing lab1.o(i.main1), (156 bytes).
    Removing lab1.o(i.main2), (216 bytes).
    Removing lab1.o(i.main4), (248 bytes).
    Removing lab1.o(i.main8), (68 bytes).
    Removing lab1.o(i.timer4TestFunction), (20 bytes).
    Removing lab1.o(i.timer4TestFunction2), (20 bytes).
    Removing string.o(i.strcomp), (70 bytes).
    Removing timer4a.o(i.Timer4A_AddPeriodicThread), (36 bytes).
    Removing timer4a.o(i.Timer4A_ClearPeriodicTime), (12 bytes).
    Removing timer4a.o(i.Timer4A_Init), (116 bytes).
    Removing timer4a.o(i.Timer4A_ResetPeriodAndPriority), (16 bytes).
    Removing timer4a.o(i.Timer4A_ResetPriority), (2 bytes).
    Removing uart.o(i.RxFifo_Init), (36 bytes).
    Removing uart.o(i.TxFifo_Init), (36 bytes).
    Removing uart.o(i.UART_InUDec), (76 bytes).
    Removing uart.o(i.UART_InUHex), (108 bytes).
    Removing uart.o(i.UART_Init), (204 bytes).
    Removing uart.o(i.UART_OutUDec), (42 bytes).
    Removing uart.o(i.UART_OutUHex), (52 bytes).
    Removing dadd.o(.text), (334 bytes).
    Removing dfixul.o(.text), (48 bytes).
    Removing cdrcmple.o(.text), (40 bytes).

82 unused section(s) (total 7166 bytes) removed from the image.

==============================================================================

Image Symbol Table

    Local Symbols

    Symbol Name                              Value     Ov Type        Size  Object(Section)

    RESET                                    0x00000000   Section      644  startup.o(RESET)
    ../clib/microlib/division.c              0x00000000   Number         0  uidiv.o ABSOLUTE
    ../clib/microlib/division.c              0x00000000   Number         0  uldiv.o ABSOLUTE
    ../clib/microlib/init/entry.s            0x00000000   Number         0  entry8a.o ABSOLUTE
    ../clib/microlib/init/entry.s            0x00000000   Number         0  entry8b.o ABSOLUTE
    ../clib/microlib/init/entry.s            0x00000000   Number         0  entry5.o ABSOLUTE
    ../clib/microlib/init/entry.s            0x00000000   Number         0  entry11a.o ABSOLUTE
    ../clib/microlib/init/entry.s            0x00000000   Number         0  entry7a.o ABSOLUTE
    ../clib/microlib/init/entry.s            0x00000000   Number         0  entry9b.o ABSOLUTE
    ../clib/microlib/init/entry.s            0x00000000   Number         0  entry10a.o ABSOLUTE
    ../clib/microlib/init/entry.s            0x00000000   Number         0  entry2.o ABSOLUTE
    ../clib/microlib/init/entry.s            0x00000000   Number         0  entry10b.o ABSOLUTE
    ../clib/microlib/init/entry.s            0x00000000   Number         0  entry9a.o ABSOLUTE
    ../clib/microlib/init/entry.s            0x00000000   Number         0  entry11b.o ABSOLUTE
    ../clib/microlib/init/entry.s            0x00000000   Number         0  entry.o ABSOLUTE
    ../clib/microlib/init/entry.s            0x00000000   Number         0  entry7b.o ABSOLUTE
    ../clib/microlib/longlong.c              0x00000000   Number         0  llsshr.o ABSOLUTE
    ../clib/microlib/longlong.c              0x00000000   Number         0  llshl.o ABSOLUTE
    ../clib/microlib/longlong.c              0x00000000   Number         0  llushr.o ABSOLUTE
    ../clib/microlib/malloc/malloc.c         0x00000000   Number         0  mallocra.o ABSOLUTE
    ../clib/microlib/malloc/malloc.c         0x00000000   Number         0  malloc.o ABSOLUTE
    ../clib/microlib/malloc/malloc.c         0x00000000   Number         0  mallocr.o ABSOLUTE
    ../clib/microlib/malloc/malloc.c         0x00000000   Number         0  malloca.o ABSOLUTE
    ../clib/microlib/malloc/mvars.c          0x00000000   Number         0  mvars.o ABSOLUTE
    ../clib/microlib/printf/printf.c         0x00000000   Number         0  printf1.o ABSOLUTE
    ../clib/microlib/printf/printf.c         0x00000000   Number         0  printf2.o ABSOLUTE
    ../clib/microlib/printf/printf.c         0x00000000   Number         0  printf3.o ABSOLUTE
    ../clib/microlib/printf/printf.c         0x00000000   Number         0  printf4.o ABSOLUTE
    ../clib/microlib/printf/printf.c         0x00000000   Number         0  printf5.o ABSOLUTE
    ../clib/microlib/printf/printf.c         0x00000000   Number         0  printf6.o ABSOLUTE
    ../clib/microlib/printf/printf.c         0x00000000   Number         0  printf7.o ABSOLUTE
    ../clib/microlib/printf/printf.c         0x00000000   Number         0  printf8.o ABSOLUTE
    ../clib/microlib/printf/printf.c         0x00000000   Number         0  printfb.o ABSOLUTE
    ../clib/microlib/printf/printf.c         0x00000000   Number         0  printf0.o ABSOLUTE
    ../clib/microlib/printf/printf.c         0x00000000   Number         0  printfa.o ABSOLUTE
    ../clib/microlib/printf/stubs.s          0x00000000   Number         0  stubs.o ABSOLUTE
    ../clib/microlib/stdio/streams.c         0x00000000   Number         0  stdout.o ABSOLUTE
    ../clib/microlib/string/memcpy.c         0x00000000   Number         0  memcpyb.o ABSOLUTE
    ../clib/microlib/string/memcpy.c         0x00000000   Number         0  memcpya.o ABSOLUTE
    ../clib/microlib/stubs.s                 0x00000000   Number         0  iusefp.o ABSOLUTE
    ../fplib/microlib/fpadd.c                0x00000000   Number         0  dadd.o ABSOLUTE
    ../fplib/microlib/fpdiv.c                0x00000000   Number         0  ddiv.o ABSOLUTE
    ../fplib/microlib/fpepilogue.c           0x00000000   Number         0  depilogue.o ABSOLUTE
    ../fplib/microlib/fpfix.c                0x00000000   Number         0  dfixul.o ABSOLUTE
    ../fplib/microlib/fpfix.c                0x00000000   Number         0  dfixi.o ABSOLUTE
    ../fplib/microlib/fpflt.c                0x00000000   Number         0  dfltui.o ABSOLUTE
    ../fplib/microlib/fpmul.c                0x00000000   Number         0  dmul.o ABSOLUTE
    ADCT2ATrigger.c                          0x00000000   Number         0  adct2atrigger.o ABSOLUTE
    Clock.c                                  0x00000000   Number         0  clock.o ABSOLUTE
    Lab1.c                                   0x00000000   Number         0  lab1.o ABSOLUTE
    PLL.c                                    0x00000000   Number         0  pll.o ABSOLUTE
    ST7735.c                                 0x00000000   Number         0  st7735.o ABSOLUTE
    Timer4A.c                                0x00000000   Number         0  timer4a.o ABSOLUTE
    Timer5A.c                                0x00000000   Number         0  timer5a.o ABSOLUTE
    UART.c                                   0x00000000   Number         0  uart.o ABSOLUTE
    cdrcmple.s                               0x00000000   Number         0  cdrcmple.o ABSOLUTE
    dc.s                                     0x00000000   Number         0  dc.o ABSOLUTE
    handlers.s                               0x00000000   Number         0  handlers.o ABSOLUTE
    init.s                                   0x00000000   Number         0  init.o ABSOLUTE
    interpreter.c                            0x00000000   Number         0  interpreter.o ABSOLUTE
    startup.s                                0x00000000   Number         0  startup.o ABSOLUTE
    string.c                                 0x00000000   Number         0  string.o ABSOLUTE
    .ARM.Collect$$$$00000000                 0x00000284   Section        0  entry.o(.ARM.Collect$$$$00000000)
    .ARM.Collect$$$$00000001                 0x00000284   Section        4  entry2.o(.ARM.Collect$$$$00000001)
    .ARM.Collect$$$$00000004                 0x00000288   Section        4  entry5.o(.ARM.Collect$$$$00000004)
    .ARM.Collect$$$$00000008                 0x0000028c   Section        0  entry7b.o(.ARM.Collect$$$$00000008)
    .ARM.Collect$$$$0000000A                 0x0000028c   Section        0  entry8b.o(.ARM.Collect$$$$0000000A)
    .ARM.Collect$$$$0000000B                 0x0000028c   Section        8  entry9a.o(.ARM.Collect$$$$0000000B)
    .ARM.Collect$$$$0000000D                 0x00000294   Section        0  entry10a.o(.ARM.Collect$$$$0000000D)
    .ARM.Collect$$$$0000000F                 0x00000294   Section        0  entry11a.o(.ARM.Collect$$$$0000000F)
    .ARM.Collect$$$$00002712                 0x00000294   Section        4  entry2.o(.ARM.Collect$$$$00002712)
    __lit__00000000                          0x00000294   Data           4  entry2.o(.ARM.Collect$$$$00002712)
    .text                                    0x00000298   Section       28  startup.o(.text)
    .text                                    0x000002b4   Section        0  dmul.o(.text)
    .text                                    0x00000398   Section        0  ddiv.o(.text)
    .text                                    0x00000476   Section        0  dfltui.o(.text)
    .text                                    0x00000490   Section        0  dfixi.o(.text)
    .text                                    0x000004ce   Section        0  uidiv.o(.text)
    .text                                    0x000004fa   Section        0  llushr.o(.text)
    .text                                    0x0000051a   Section        0  iusefp.o(.text)
    .text                                    0x0000051a   Section        0  depilogue.o(.text)
    .text                                    0x000005d8   Section       36  init.o(.text)
    .text                                    0x000005fc   Section        0  llshl.o(.text)
    i.ADC0Seq3_Handler                       0x0000061c   Section        0  adct2atrigger.o(i.ADC0Seq3_Handler)
    i.ADC_GetVoltage                         0x00000640   Section        0  adct2atrigger.o(i.ADC_GetVoltage)
    i.ADC_RTVoltageToggle                    0x00000680   Section        0  adct2atrigger.o(i.ADC_RTVoltageToggle)
    i.Clock_GetDate                          0x0000069c   Section        0  clock.o(i.Clock_GetDate)
    i.Clock_GetTime                          0x000006d0   Section        0  clock.o(i.Clock_GetTime)
    i.Clock_Init                             0x00000770   Section        0  clock.o(i.Clock_Init)
    i.Clock_SetClock                         0x0000077c   Section        0  clock.o(i.Clock_SetClock)
    i.Delay1ms                               0x000007d8   Section        0  st7735.o(i.Delay1ms)
    Delay1ms                                 0x000007d9   Thumb Code    32  st7735.o(i.Delay1ms)
    i.INTERPRETER_calculator                 0x000007f8   Section        0  interpreter.o(i.INTERPRETER_calculator)
    i.INTERPRETER_clearMsg                   0x00000934   Section        0  interpreter.o(i.INTERPRETER_clearMsg)
    i.INTERPRETER_detectOperator             0x0000094c   Section        0  interpreter.o(i.INTERPRETER_detectOperator)
    i.INTERPRETER_fixArray0                  0x00000974   Section        0  interpreter.o(i.INTERPRETER_fixArray0)
    i.INTERPRETER_handleCommand              0x000009a0   Section        0  interpreter.o(i.INTERPRETER_handleCommand)
    i.INTERPRETER_handleParam1               0x00000b28   Section        0  interpreter.o(i.INTERPRETER_handleParam1)
    i.INTERPRETER_parseMessage               0x00000b88   Section        0  interpreter.o(i.INTERPRETER_parseMessage)
    i.LengthOfString                         0x00000d14   Section        0  string.o(i.LengthOfString)
    i.NameOfMonth                            0x00000d28   Section        0  clock.o(i.NameOfMonth)
    i.OutCRLF                                0x00000e34   Section        0  lab1.o(i.OutCRLF)
    i.PLL_Init                               0x00000e44   Section        0  pll.o(i.PLL_Init)
    i.PrintVoltage                           0x00000ec0   Section        0  adct2atrigger.o(i.PrintVoltage)
    i.RxFifo_Get                             0x00000f18   Section        0  uart.o(i.RxFifo_Get)
    i.RxFifo_Put                             0x00000f54   Section        0  uart.o(i.RxFifo_Put)
    i.RxFifo_Size                            0x00000f90   Section        0  uart.o(i.RxFifo_Size)
    i.ST7735_DrawCharS                       0x00000fa8   Section        0  st7735.o(i.ST7735_DrawCharS)
    i.ST7735_DrawFastHLine                   0x0000109c   Section        0  st7735.o(i.ST7735_DrawFastHLine)
    i.ST7735_DrawPixel                       0x00001118   Section        0  st7735.o(i.ST7735_DrawPixel)
    i.ST7735_DrawString                      0x00001160   Section        0  st7735.o(i.ST7735_DrawString)
    i.ST7735_FillRect                        0x000011b8   Section        0  st7735.o(i.ST7735_FillRect)
    i.ST7735_FillScreen                      0x00001264   Section        0  st7735.o(i.ST7735_FillScreen)
    i.ST7735_InitR                           0x00001288   Section        0  st7735.o(i.ST7735_InitR)
    i.ST7735_SetCursor                       0x00001304   Section        0  st7735.o(i.ST7735_SetCursor)
    i.ST7735_ds_FillRect                     0x00001324   Section        0  st7735.o(i.ST7735_ds_FillRect)
    i.ST7735_ds_FillScreen                   0x000013b4   Section        0  st7735.o(i.ST7735_ds_FillScreen)
    i.ST7735_ds_InitR                        0x000013ec   Section        0  st7735.o(i.ST7735_ds_InitR)
    i.ST7735_ds_Message                      0x00001414   Section        0  st7735.o(i.ST7735_ds_Message)
    i.ST7735_ds_OutChar                      0x00001480   Section        0  st7735.o(i.ST7735_ds_OutChar)
    i.ST7735_ds_OutString                    0x0000159c   Section        0  st7735.o(i.ST7735_ds_OutString)
    i.ST7735_ds_SetCursor                    0x000015b8   Section        0  st7735.o(i.ST7735_ds_SetCursor)
    i.ST7735_ds_commonInit                   0x00001604   Section        0  st7735.o(i.ST7735_ds_commonInit)
    ST7735_ds_commonInit                     0x00001605   Thumb Code   218  st7735.o(i.ST7735_ds_commonInit)
    i.ST7735_ds_screenStats                  0x00001708   Section        0  st7735.o(i.ST7735_ds_screenStats)
    ST7735_ds_screenStats                    0x00001709   Thumb Code   126  st7735.o(i.ST7735_ds_screenStats)
    i.Timer4A_Handler                        0x000017b8   Section        0  timer4a.o(i.Timer4A_Handler)
    i.Timer4A_ReadPeriodicTime               0x000017f4   Section        0  timer4a.o(i.Timer4A_ReadPeriodicTime)
    i.Timer5A_Handler                        0x00001800   Section        0  clock.o(i.Timer5A_Handler)
    i.Timer5A_Init                           0x00001820   Section        0  timer5a.o(i.Timer5A_Init)
    i.TxFifo_Get                             0x00001890   Section        0  uart.o(i.TxFifo_Get)
    i.TxFifo_Put                             0x000018cc   Section        0  uart.o(i.TxFifo_Put)
    i.TxFifo_Size                            0x00001908   Section        0  uart.o(i.TxFifo_Size)
    i.UART0_Handler                          0x00001920   Section        0  uart.o(i.UART0_Handler)
    i.UART_InChar                            0x00001978   Section        0  uart.o(i.UART_InChar)
    i.UART_InString                          0x0000198c   Section        0  uart.o(i.UART_InString)
    i.UART_OutChar                           0x000019d4   Section        0  uart.o(i.UART_OutChar)
    i.UART_OutString                         0x00001a08   Section        0  uart.o(i.UART_OutString)
    i.UpdateDaysInMonth                      0x00001a20   Section        0  clock.o(i.UpdateDaysInMonth)
    i.UpdateLeapYear                         0x00001a88   Section        0  clock.o(i.UpdateLeapYear)
    i.UpdateTime                             0x00001ae0   Section        0  clock.o(i.UpdateTime)
    i.__0sprintf$3                           0x00001ba4   Section        0  printf3.o(i.__0sprintf$3)
    i.__scatterload_copy                     0x00001bcc   Section       14  handlers.o(i.__scatterload_copy)
    i.__scatterload_null                     0x00001bda   Section        2  handlers.o(i.__scatterload_null)
    i.__scatterload_zeroinit                 0x00001bdc   Section       14  handlers.o(i.__scatterload_zeroinit)
    i._printf_core                           0x00001bec   Section        0  printf3.o(i._printf_core)
    _printf_core                             0x00001bed   Thumb Code   436  printf3.o(i._printf_core)
    i._sputc                                 0x00001da4   Section        0  printf3.o(i._sputc)
    _sputc                                   0x00001da5   Thumb Code    10  printf3.o(i._sputc)
    i.commandList                            0x00001dae   Section        0  st7735.o(i.commandList)
    commandList                              0x00001daf   Thumb Code    86  st7735.o(i.commandList)
    i.commonInit                             0x00001e04   Section        0  st7735.o(i.commonInit)
    commonInit                               0x00001e05   Thumb Code   340  st7735.o(i.commonInit)
    i.copyHardwareToSoftware                 0x00001f88   Section        0  uart.o(i.copyHardwareToSoftware)
    copyHardwareToSoftware                   0x00001f89   Thumb Code    44  uart.o(i.copyHardwareToSoftware)
    i.copySoftwareToHardware                 0x00001fb8   Section        0  uart.o(i.copySoftwareToHardware)
    copySoftwareToHardware                   0x00001fb9   Thumb Code    38  uart.o(i.copySoftwareToHardware)
    i.fillmessage                            0x00001fe4   Section        0  st7735.o(i.fillmessage)
    fillmessage                              0x00001fe5   Thumb Code    64  st7735.o(i.fillmessage)
    i.firstIndex                             0x0000202c   Section        0  string.o(i.firstIndex)
    i.free                                   0x00002054   Section        0  malloc.o(i.free)
    i.handleInterrupt                        0x000020a4   Section        0  interpreter.o(i.handleInterrupt)
    i.itoa                                   0x00002144   Section        0  string.o(i.itoa)
    i.main                                   0x000021c8   Section        0  lab1.o(i.main)
    i.malloc                                 0x00002238   Section        0  malloc.o(i.malloc)
    i.pushColor                              0x000022a4   Section        0  st7735.o(i.pushColor)
    pushColor                                0x000022a5   Thumb Code    18  st7735.o(i.pushColor)
    i.setAddrWindow                          0x000022b8   Section        0  st7735.o(i.setAddrWindow)
    setAddrWindow                            0x000022b9   Thumb Code   106  st7735.o(i.setAddrWindow)
    i.strToInt                               0x0000232c   Section        0  string.o(i.strToInt)
    i.strtoklist                             0x00002380   Section        0  string.o(i.strtoklist)
    i.writecommand                           0x000023e8   Section        0  st7735.o(i.writecommand)
    writecommand                             0x000023e9   Thumb Code    40  st7735.o(i.writecommand)
    i.writedata                              0x00002418   Section        0  st7735.o(i.writedata)
    writedata                                0x00002419   Thumb Code    24  st7735.o(i.writedata)
    .constdata                               0x00002438   Section     2018  st7735.o(.constdata)
    Font                                     0x00002438   Data        1275  st7735.o(.constdata)
    Bcmd                                     0x00002933   Data         103  st7735.o(.constdata)
    Rcmd1                                    0x0000299a   Data          59  st7735.o(.constdata)
    Rcmd2green                               0x000029d5   Data          13  st7735.o(.constdata)
    Rcmd2red                                 0x000029e2   Data          13  st7735.o(.constdata)
    Rcmd3                                    0x000029ef   Data          43  st7735.o(.constdata)
    .conststring                             0x00002c1a   Section       16  interpreter.o(.conststring)
    .data                                    0x20000000   Section      116  st7735.o(.data)
    _width                                   0x20000000   Data           2  st7735.o(.data)
    _height                                  0x20000002   Data           2  st7735.o(.data)
    ColStart                                 0x20000014   Data           1  st7735.o(.data)
    RowStart                                 0x20000015   Data           1  st7735.o(.data)
    Rotation                                 0x20000016   Data           1  st7735.o(.data)
    TabColor                                 0x20000017   Data           1  st7735.o(.data)
    xstart                                   0x20000018   Data           8  st7735.o(.data)
    xstop                                    0x20000020   Data           8  st7735.o(.data)
    ystart                                   0x20000028   Data           8  st7735.o(.data)
    ystop                                    0x20000030   Data           8  st7735.o(.data)
    ds_StX                                   0x20000038   Data           8  st7735.o(.data)
    ds_StY                                   0x20000040   Data           8  st7735.o(.data)
    ds_StColor                               0x20000048   Data           8  st7735.o(.data)
    ds_numLines                              0x20000050   Data           8  st7735.o(.data)
    ds_enable                                0x20000058   Data           8  st7735.o(.data)
    .data                                    0x20000074   Section        4  adct2atrigger.o(.data)
    ADCvalue                                 0x20000074   Data           4  adct2atrigger.o(.data)
    .data                                    0x20000078   Section       12  clock.o(.data)
    Year                                     0x20000078   Data           2  clock.o(.data)
    LeapYear                                 0x2000007a   Data           1  clock.o(.data)
    Month                                    0x2000007b   Data           1  clock.o(.data)
    DaysInMonth                              0x2000007c   Data           1  clock.o(.data)
    Day                                      0x2000007d   Data           1  clock.o(.data)
    Hour                                     0x2000007e   Data           1  clock.o(.data)
    Minute                                   0x2000007f   Data           1  clock.o(.data)
    Second                                   0x20000080   Data           1  clock.o(.data)
    Millisecond                              0x20000082   Data           2  clock.o(.data)
    .data                                    0x20000084   Section        8  interpreter.o(.data)
    errorMsg                                 0x20000088   Data           4  interpreter.o(.data)
    .data                                    0x2000008c   Section        8  timer4a.o(.data)
    Index                                    0x2000008c   Data           1  timer4a.o(.data)
    Time                                     0x20000090   Data           4  timer4a.o(.data)
    .data                                    0x20000094   Section       16  uart.o(.data)
    .data                                    0x200000a4   Section        4  mvars.o(.data)
    .data                                    0x200000a8   Section        4  mvars.o(.data)
    .bss                                     0x200000ac   Section       12  st7735.o(.bss)
    .bss                                     0x200000b8   Section       64  adct2atrigger.o(.bss)
    RTPrintEn                                0x200000b8   Data          64  adct2atrigger.o(.bss)
    .bss                                     0x200000f8   Section      171  interpreter.o(.bss)
    strArray                                 0x200000f8   Data         150  interpreter.o(.bss)
    .bss                                     0x200001a4   Section      400  timer4a.o(.bss)
    PeriodicTasks                            0x200001a4   Data         400  timer4a.o(.bss)
    .bss                                     0x20000334   Section       32  uart.o(.bss)
    RxFifo                                   0x20000334   Data          16  uart.o(.bss)
    TxFifo                                   0x20000344   Data          16  uart.o(.bss)
    HEAP                                     0x20000358   Section        0  startup.o(HEAP)
    STACK                                    0x20000358   Section     1024  startup.o(STACK)
    StackMem                                 0x20000358   Data           0  startup.o(STACK)

    Global Symbols

    Symbol Name                              Value     Ov Type        Size  Object(Section)

    BuildAttributes$$THM_ISAv4$E$P$D$K$B$S$7EM$PE$A:L22UL41UL21$X:L11$S22US41US21$IEEE1$IW$USESV6$~STKCKD$USESV7$~SHL$OSPACE$ROPI$EBA8$MICROLIB$REQ8$PRES8$EABIv2 0x00000000   Number         0  anon$$obj.o ABSOLUTE
    __ARM_use_no_argv                        0x00000000   Number         0  lab1.o ABSOLUTE
    __Vectors                                0x00000000   Data           0  startup.o(RESET)
    _printf_a                                0x00000000   Number         0  stubs.o ABSOLUTE
    _printf_c                                0x00000000   Number         0  stubs.o ABSOLUTE
    _printf_charcount                        0x00000000   Number         0  stubs.o ABSOLUTE
    _printf_d                                0x00000000   Number         0  stubs.o ABSOLUTE
    _printf_e                                0x00000000   Number         0  stubs.o ABSOLUTE
    _printf_f                                0x00000000   Number         0  stubs.o ABSOLUTE
    _printf_flags                            0x00000000   Number         0  stubs.o ABSOLUTE
    _printf_fp_dec                           0x00000000   Number         0  stubs.o ABSOLUTE
    _printf_fp_hex                           0x00000000   Number         0  stubs.o ABSOLUTE
    _printf_g                                0x00000000   Number         0  stubs.o ABSOLUTE
    _printf_i                                0x00000000   Number         0  stubs.o ABSOLUTE
    _printf_int_dec                          0x00000000   Number         0  stubs.o ABSOLUTE
    _printf_l                                0x00000000   Number         0  stubs.o ABSOLUTE
    _printf_lc                               0x00000000   Number         0  stubs.o ABSOLUTE
    _printf_ll                               0x00000000   Number         0  stubs.o ABSOLUTE
    _printf_lld                              0x00000000   Number         0  stubs.o ABSOLUTE
    _printf_lli                              0x00000000   Number         0  stubs.o ABSOLUTE
    _printf_llo                              0x00000000   Number         0  stubs.o ABSOLUTE
    _printf_llu                              0x00000000   Number         0  stubs.o ABSOLUTE
    _printf_llx                              0x00000000   Number         0  stubs.o ABSOLUTE
    _printf_longlong_dec                     0x00000000   Number         0  stubs.o ABSOLUTE
    _printf_longlong_hex                     0x00000000   Number         0  stubs.o ABSOLUTE
    _printf_longlong_oct                     0x00000000   Number         0  stubs.o ABSOLUTE
    _printf_ls                               0x00000000   Number         0  stubs.o ABSOLUTE
    _printf_mbtowc                           0x00000000   Number         0  stubs.o ABSOLUTE
    _printf_n                                0x00000000   Number         0  stubs.o ABSOLUTE
    _printf_o                                0x00000000   Number         0  stubs.o ABSOLUTE
    _printf_p                                0x00000000   Number         0  stubs.o ABSOLUTE
    _printf_percent                          0x00000000   Number         0  stubs.o ABSOLUTE
    _printf_pre_padding                      0x00000000   Number         0  stubs.o ABSOLUTE
    _printf_return_value                     0x00000000   Number         0  stubs.o ABSOLUTE
    _printf_s                                0x00000000   Number         0  stubs.o ABSOLUTE
    _printf_sizespec                         0x00000000   Number         0  stubs.o ABSOLUTE
    _printf_str                              0x00000000   Number         0  stubs.o ABSOLUTE
    _printf_truncate_signed                  0x00000000   Number         0  stubs.o ABSOLUTE
    _printf_truncate_unsigned                0x00000000   Number         0  stubs.o ABSOLUTE
    _printf_u                                0x00000000   Number         0  stubs.o ABSOLUTE
    _printf_wc                               0x00000000   Number         0  stubs.o ABSOLUTE
    _printf_wctomb                           0x00000000   Number         0  stubs.o ABSOLUTE
    _printf_widthprec                        0x00000000   Number         0  stubs.o ABSOLUTE
    _printf_x                                0x00000000   Number         0  stubs.o ABSOLUTE
    __cpp_initialize__aeabi_                  - Undefined Weak Reference
    __cxa_finalize                            - Undefined Weak Reference
    __decompress                              - Undefined Weak Reference
    _clock_init                               - Undefined Weak Reference
    _microlib_exit                            - Undefined Weak Reference
    Reset_Handler                            0x0000026d   Thumb Code     0  startup.o(RESET)
    NMI_Handler                              0x00000271   Thumb Code     2  startup.o(RESET)
    HardFault_Handler                        0x00000273   Thumb Code     2  startup.o(RESET)
    MemManage_Handler                        0x00000275   Thumb Code     2  startup.o(RESET)
    BusFault_Handler                         0x00000277   Thumb Code     2  startup.o(RESET)
    UsageFault_Handler                       0x00000279   Thumb Code     2  startup.o(RESET)
    SVC_Handler                              0x0000027b   Thumb Code     2  startup.o(RESET)
    DebugMon_Handler                         0x0000027d   Thumb Code     2  startup.o(RESET)
    PendSV_Handler                           0x0000027f   Thumb Code     2  startup.o(RESET)
    SysTick_Handler                          0x00000281   Thumb Code     2  startup.o(RESET)
    ADC0Seq0_Handler                         0x00000283   Thumb Code     0  startup.o(RESET)
    ADC0Seq1_Handler                         0x00000283   Thumb Code     0  startup.o(RESET)
    ADC0Seq2_Handler                         0x00000283   Thumb Code     0  startup.o(RESET)
    ADC1Seq0_Handler                         0x00000283   Thumb Code     0  startup.o(RESET)
    ADC1Seq1_Handler                         0x00000283   Thumb Code     0  startup.o(RESET)
    ADC1Seq2_Handler                         0x00000283   Thumb Code     0  startup.o(RESET)
    ADC1Seq3_Handler                         0x00000283   Thumb Code     0  startup.o(RESET)
    CAN0_Handler                             0x00000283   Thumb Code     0  startup.o(RESET)
    CAN1_Handler                             0x00000283   Thumb Code     0  startup.o(RESET)
    CAN2_Handler                             0x00000283   Thumb Code     0  startup.o(RESET)
    Comp0_Handler                            0x00000283   Thumb Code     0  startup.o(RESET)
    Comp1_Handler                            0x00000283   Thumb Code     0  startup.o(RESET)
    Comp2_Handler                            0x00000283   Thumb Code     0  startup.o(RESET)
    Ethernet_Handler                         0x00000283   Thumb Code     0  startup.o(RESET)
    ExtBus_Handler                           0x00000283   Thumb Code     0  startup.o(RESET)
    FPU_Handler                              0x00000283   Thumb Code     0  startup.o(RESET)
    Fan0_Handler                             0x00000283   Thumb Code     0  startup.o(RESET)
    FlashCtl_Handler                         0x00000283   Thumb Code     0  startup.o(RESET)
    GPIOPortA_Handler                        0x00000283   Thumb Code     0  startup.o(RESET)
    GPIOPortB_Handler                        0x00000283   Thumb Code     0  startup.o(RESET)
    GPIOPortC_Handler                        0x00000283   Thumb Code     0  startup.o(RESET)
    GPIOPortD_Handler                        0x00000283   Thumb Code     0  startup.o(RESET)
    GPIOPortE_Handler                        0x00000283   Thumb Code     0  startup.o(RESET)
    GPIOPortF_Handler                        0x00000283   Thumb Code     0  startup.o(RESET)
    GPIOPortG_Handler                        0x00000283   Thumb Code     0  startup.o(RESET)
    GPIOPortH_Handler                        0x00000283   Thumb Code     0  startup.o(RESET)
    GPIOPortJ_Handler                        0x00000283   Thumb Code     0  startup.o(RESET)
    GPIOPortK_Handler                        0x00000283   Thumb Code     0  startup.o(RESET)
    GPIOPortL_Handler                        0x00000283   Thumb Code     0  startup.o(RESET)
    GPIOPortM_Handler                        0x00000283   Thumb Code     0  startup.o(RESET)
    GPIOPortN_Handler                        0x00000283   Thumb Code     0  startup.o(RESET)
    GPIOPortP1_Handler                       0x00000283   Thumb Code     0  startup.o(RESET)
    GPIOPortP2_Handler                       0x00000283   Thumb Code     0  startup.o(RESET)
    GPIOPortP3_Handler                       0x00000283   Thumb Code     0  startup.o(RESET)
    GPIOPortP4_Handler                       0x00000283   Thumb Code     0  startup.o(RESET)
    GPIOPortP5_Handler                       0x00000283   Thumb Code     0  startup.o(RESET)
    GPIOPortP6_Handler                       0x00000283   Thumb Code     0  startup.o(RESET)
    GPIOPortP7_Handler                       0x00000283   Thumb Code     0  startup.o(RESET)
    GPIOPortP_Handler                        0x00000283   Thumb Code     0  startup.o(RESET)
    GPIOPortQ1_Handler                       0x00000283   Thumb Code     0  startup.o(RESET)
    GPIOPortQ2_Handler                       0x00000283   Thumb Code     0  startup.o(RESET)
    GPIOPortQ3_Handler                       0x00000283   Thumb Code     0  startup.o(RESET)
    GPIOPortQ4_Handler                       0x00000283   Thumb Code     0  startup.o(RESET)
    GPIOPortQ5_Handler                       0x00000283   Thumb Code     0  startup.o(RESET)
    GPIOPortQ6_Handler                       0x00000283   Thumb Code     0  startup.o(RESET)
    GPIOPortQ7_Handler                       0x00000283   Thumb Code     0  startup.o(RESET)
    GPIOPortQ_Handler                        0x00000283   Thumb Code     0  startup.o(RESET)
    GPIOPortR_Handler                        0x00000283   Thumb Code     0  startup.o(RESET)
    GPIOPortS_Handler                        0x00000283   Thumb Code     0  startup.o(RESET)
    Hibernate_Handler                        0x00000283   Thumb Code     0  startup.o(RESET)
    I2C0_Handler                             0x00000283   Thumb Code     0  startup.o(RESET)
    I2C1_Handler                             0x00000283   Thumb Code     0  startup.o(RESET)
    I2C2_Handler                             0x00000283   Thumb Code     0  startup.o(RESET)
    I2C3_Handler                             0x00000283   Thumb Code     0  startup.o(RESET)
    I2C4_Handler                             0x00000283   Thumb Code     0  startup.o(RESET)
    I2C5_Handler                             0x00000283   Thumb Code     0  startup.o(RESET)
    I2S0_Handler                             0x00000283   Thumb Code     0  startup.o(RESET)
    LPC0_Handler                             0x00000283   Thumb Code     0  startup.o(RESET)
    PECI0_Handler                            0x00000283   Thumb Code     0  startup.o(RESET)
    PWM0Fault_Handler                        0x00000283   Thumb Code     0  startup.o(RESET)
    PWM0Generator0_Handler                   0x00000283   Thumb Code     0  startup.o(RESET)
    PWM0Generator1_Handler                   0x00000283   Thumb Code     0  startup.o(RESET)
    PWM0Generator2_Handler                   0x00000283   Thumb Code     0  startup.o(RESET)
    PWM0Generator3_Handler                   0x00000283   Thumb Code     0  startup.o(RESET)
    PWM1Fault_Handler                        0x00000283   Thumb Code     0  startup.o(RESET)
    PWM1Generator0_Handler                   0x00000283   Thumb Code     0  startup.o(RESET)
    PWM1Generator1_Handler                   0x00000283   Thumb Code     0  startup.o(RESET)
    PWM1Generator2_Handler                   0x00000283   Thumb Code     0  startup.o(RESET)
    PWM1Generator3_Handler                   0x00000283   Thumb Code     0  startup.o(RESET)
    Quadrature0_Handler                      0x00000283   Thumb Code     0  startup.o(RESET)
    Quadrature1_Handler                      0x00000283   Thumb Code     0  startup.o(RESET)
    Quadrature2_Handler                      0x00000283   Thumb Code     0  startup.o(RESET)
    SSI0_Handler                             0x00000283   Thumb Code     0  startup.o(RESET)
    SSI1_Handler                             0x00000283   Thumb Code     0  startup.o(RESET)
    SSI2_Handler                             0x00000283   Thumb Code     0  startup.o(RESET)
    SSI3_Handler                             0x00000283   Thumb Code     0  startup.o(RESET)
    SysCtl_Handler                           0x00000283   Thumb Code     0  startup.o(RESET)
    Timer0A_Handler                          0x00000283   Thumb Code     0  startup.o(RESET)
    Timer0B_Handler                          0x00000283   Thumb Code     0  startup.o(RESET)
    Timer1A_Handler                          0x00000283   Thumb Code     0  startup.o(RESET)
    Timer1B_Handler                          0x00000283   Thumb Code     0  startup.o(RESET)
    Timer2A_Handler                          0x00000283   Thumb Code     0  startup.o(RESET)
    Timer2B_Handler                          0x00000283   Thumb Code     0  startup.o(RESET)
    Timer3A_Handler                          0x00000283   Thumb Code     0  startup.o(RESET)
    Timer3B_Handler                          0x00000283   Thumb Code     0  startup.o(RESET)
    Timer4B_Handler                          0x00000283   Thumb Code     0  startup.o(RESET)
    Timer5B_Handler                          0x00000283   Thumb Code     0  startup.o(RESET)
    UART1_Handler                            0x00000283   Thumb Code     0  startup.o(RESET)
    UART2_Handler                            0x00000283   Thumb Code     0  startup.o(RESET)
    UART3_Handler                            0x00000283   Thumb Code     0  startup.o(RESET)
    UART4_Handler                            0x00000283   Thumb Code     0  startup.o(RESET)
    UART5_Handler                            0x00000283   Thumb Code     0  startup.o(RESET)
    UART6_Handler                            0x00000283   Thumb Code     0  startup.o(RESET)
    UART7_Handler                            0x00000283   Thumb Code     0  startup.o(RESET)
    USB0_Handler                             0x00000283   Thumb Code     0  startup.o(RESET)
    WDT_Handler                              0x00000283   Thumb Code     0  startup.o(RESET)
    WideTimer0A_Handler                      0x00000283   Thumb Code     0  startup.o(RESET)
    WideTimer0B_Handler                      0x00000283   Thumb Code     0  startup.o(RESET)
    WideTimer1A_Handler                      0x00000283   Thumb Code     0  startup.o(RESET)
    WideTimer1B_Handler                      0x00000283   Thumb Code     0  startup.o(RESET)
    WideTimer2A_Handler                      0x00000283   Thumb Code     0  startup.o(RESET)
    WideTimer2B_Handler                      0x00000283   Thumb Code     0  startup.o(RESET)
    WideTimer3A_Handler                      0x00000283   Thumb Code     0  startup.o(RESET)
    WideTimer3B_Handler                      0x00000283   Thumb Code     0  startup.o(RESET)
    WideTimer4A_Handler                      0x00000283   Thumb Code     0  startup.o(RESET)
    WideTimer4B_Handler                      0x00000283   Thumb Code     0  startup.o(RESET)
    WideTimer5A_Handler                      0x00000283   Thumb Code     0  startup.o(RESET)
    WideTimer5B_Handler                      0x00000283   Thumb Code     0  startup.o(RESET)
    uDMA_Error                               0x00000283   Thumb Code     0  startup.o(RESET)
    uDMA_Handler                             0x00000283   Thumb Code     0  startup.o(RESET)
    __main                                   0x00000285   Thumb Code     0  entry.o(.ARM.Collect$$$$00000000)
    _main_stk                                0x00000285   Thumb Code     0  entry2.o(.ARM.Collect$$$$00000001)
    _main_scatterload                        0x00000289   Thumb Code     0  entry5.o(.ARM.Collect$$$$00000004)
    __main_after_scatterload                 0x0000028d   Thumb Code     0  entry5.o(.ARM.Collect$$$$00000004)
    _main_clock                              0x0000028d   Thumb Code     0  entry7b.o(.ARM.Collect$$$$00000008)
    _main_cpp_init                           0x0000028d   Thumb Code     0  entry8b.o(.ARM.Collect$$$$0000000A)
    _main_init                               0x0000028d   Thumb Code     0  entry9a.o(.ARM.Collect$$$$0000000B)
    __rt_final_cpp                           0x00000295   Thumb Code     0  entry10a.o(.ARM.Collect$$$$0000000D)
    __rt_final_exit                          0x00000295   Thumb Code     0  entry11a.o(.ARM.Collect$$$$0000000F)
    DisableInterrupts                        0x00000299   Thumb Code     0  startup.o(.text)
    EnableInterrupts                         0x0000029d   Thumb Code     0  startup.o(.text)
    StartCritical                            0x000002a1   Thumb Code     0  startup.o(.text)
    EndCritical                              0x000002a9   Thumb Code     0  startup.o(.text)
    WaitForInterrupt                         0x000002af   Thumb Code     0  startup.o(.text)
    __aeabi_dmul                             0x000002b5   Thumb Code   228  dmul.o(.text)
    __aeabi_ddiv                             0x00000399   Thumb Code   222  ddiv.o(.text)
    __aeabi_ui2d                             0x00000477   Thumb Code    26  dfltui.o(.text)
    __aeabi_d2iz                             0x00000491   Thumb Code    62  dfixi.o(.text)
    __aeabi_uidiv                            0x000004cf   Thumb Code     0  uidiv.o(.text)
    __aeabi_uidivmod                         0x000004cf   Thumb Code    44  uidiv.o(.text)
    __aeabi_llsr                             0x000004fb   Thumb Code    32  llushr.o(.text)
    _ll_ushift_r                             0x000004fb   Thumb Code     0  llushr.o(.text)
    __I$use$fp                               0x0000051b   Thumb Code     0  iusefp.o(.text)
    _double_round                            0x0000051b   Thumb Code    26  depilogue.o(.text)
    _double_epilogue                         0x00000535   Thumb Code   164  depilogue.o(.text)
    __scatterload                            0x000005d9   Thumb Code    28  init.o(.text)
    __scatterload_rt2                        0x000005d9   Thumb Code     0  init.o(.text)
    __aeabi_llsl                             0x000005fd   Thumb Code    30  llshl.o(.text)
    _ll_shift_l                              0x000005fd   Thumb Code     0  llshl.o(.text)
    ADC0Seq3_Handler                         0x0000061d   Thumb Code    22  adct2atrigger.o(i.ADC0Seq3_Handler)
    ADC_GetVoltage                           0x00000641   Thumb Code    52  adct2atrigger.o(i.ADC_GetVoltage)
    ADC_RTVoltageToggle                      0x00000681   Thumb Code    22  adct2atrigger.o(i.ADC_RTVoltageToggle)
    Clock_GetDate                            0x0000069d   Thumb Code    32  clock.o(i.Clock_GetDate)
    Clock_GetTime                            0x000006d1   Thumb Code   110  clock.o(i.Clock_GetTime)
    Clock_Init                               0x00000771   Thumb Code    12  clock.o(i.Clock_Init)
    Clock_SetClock                           0x0000077d   Thumb Code    62  clock.o(i.Clock_SetClock)
    INTERPRETER_calculator                   0x000007f9   Thumb Code   310  interpreter.o(i.INTERPRETER_calculator)
    INTERPRETER_clearMsg                     0x00000935   Thumb Code    18  interpreter.o(i.INTERPRETER_clearMsg)
    INTERPRETER_detectOperator               0x0000094d   Thumb Code    40  interpreter.o(i.INTERPRETER_detectOperator)
    INTERPRETER_fixArray0                    0x00000975   Thumb Code    38  interpreter.o(i.INTERPRETER_fixArray0)
    INTERPRETER_handleCommand                0x000009a1   Thumb Code   386  interpreter.o(i.INTERPRETER_handleCommand)
    INTERPRETER_handleParam1                 0x00000b29   Thumb Code    88  interpreter.o(i.INTERPRETER_handleParam1)
    INTERPRETER_parseMessage                 0x00000b89   Thumb Code   370  interpreter.o(i.INTERPRETER_parseMessage)
    LengthOfString                           0x00000d15   Thumb Code    18  string.o(i.LengthOfString)
    NameOfMonth                              0x00000d29   Thumb Code   154  clock.o(i.NameOfMonth)
    OutCRLF                                  0x00000e35   Thumb Code    16  lab1.o(i.OutCRLF)
    PLL_Init                                 0x00000e45   Thumb Code   118  pll.o(i.PLL_Init)
    PrintVoltage                             0x00000ec1   Thumb Code    66  adct2atrigger.o(i.PrintVoltage)
    RxFifo_Get                               0x00000f19   Thumb Code    46  uart.o(i.RxFifo_Get)
    RxFifo_Put                               0x00000f55   Thumb Code    48  uart.o(i.RxFifo_Put)
    RxFifo_Size                              0x00000f91   Thumb Code    14  uart.o(i.RxFifo_Size)
    ST7735_DrawCharS                         0x00000fa9   Thumb Code   232  st7735.o(i.ST7735_DrawCharS)
    ST7735_DrawFastHLine                     0x0000109d   Thumb Code   116  st7735.o(i.ST7735_DrawFastHLine)
    ST7735_DrawPixel                         0x00001119   Thumb Code    64  st7735.o(i.ST7735_DrawPixel)
    ST7735_DrawString                        0x00001161   Thumb Code    86  st7735.o(i.ST7735_DrawString)
    ST7735_FillRect                          0x000011b9   Thumb Code   164  st7735.o(i.ST7735_FillRect)
    ST7735_FillScreen                        0x00001265   Thumb Code    28  st7735.o(i.ST7735_FillScreen)
    ST7735_InitR                             0x00001289   Thumb Code    90  st7735.o(i.ST7735_InitR)
    ST7735_SetCursor                         0x00001305   Thumb Code    22  st7735.o(i.ST7735_SetCursor)
    ST7735_ds_FillRect                       0x00001325   Thumb Code   132  st7735.o(i.ST7735_ds_FillRect)
    ST7735_ds_FillScreen                     0x000013b5   Thumb Code    44  st7735.o(i.ST7735_ds_FillScreen)
    ST7735_ds_InitR                          0x000013ed   Thumb Code    38  st7735.o(i.ST7735_ds_InitR)
    ST7735_ds_Message                        0x00001415   Thumb Code    92  st7735.o(i.ST7735_ds_Message)
    ST7735_ds_OutChar                        0x00001481   Thumb Code   238  st7735.o(i.ST7735_ds_OutChar)
    ST7735_ds_OutString                      0x0000159d   Thumb Code    28  st7735.o(i.ST7735_ds_OutString)
    ST7735_ds_SetCursor                      0x000015b9   Thumb Code    60  st7735.o(i.ST7735_ds_SetCursor)
    Timer4A_Handler                          0x000017b9   Thumb Code    44  timer4a.o(i.Timer4A_Handler)
    Timer4A_ReadPeriodicTime                 0x000017f5   Thumb Code     6  timer4a.o(i.Timer4A_ReadPeriodicTime)
    Timer5A_Handler                          0x00001801   Thumb Code    24  clock.o(i.Timer5A_Handler)
    Timer5A_Init                             0x00001821   Thumb Code    96  timer5a.o(i.Timer5A_Init)
    TxFifo_Get                               0x00001891   Thumb Code    46  uart.o(i.TxFifo_Get)
    TxFifo_Put                               0x000018cd   Thumb Code    48  uart.o(i.TxFifo_Put)
    TxFifo_Size                              0x00001909   Thumb Code    14  uart.o(i.TxFifo_Size)
    UART0_Handler                            0x00001921   Thumb Code    82  uart.o(i.UART0_Handler)
    UART_InChar                              0x00001979   Thumb Code    20  uart.o(i.UART_InChar)
    UART_InString                            0x0000198d   Thumb Code    70  uart.o(i.UART_InString)
    UART_OutChar                             0x000019d5   Thumb Code    46  uart.o(i.UART_OutChar)
    UART_OutString                           0x00001a09   Thumb Code    24  uart.o(i.UART_OutString)
    UpdateDaysInMonth                        0x00001a21   Thumb Code    90  clock.o(i.UpdateDaysInMonth)
    UpdateLeapYear                           0x00001a89   Thumb Code    80  clock.o(i.UpdateLeapYear)
    UpdateTime                               0x00001ae1   Thumb Code   162  clock.o(i.UpdateTime)
    __0sprintf$3                             0x00001ba5   Thumb Code    34  printf3.o(i.__0sprintf$3)
    __1sprintf$3                             0x00001ba5   Thumb Code     0  printf3.o(i.__0sprintf$3)
    __2sprintf                               0x00001ba5   Thumb Code     0  printf3.o(i.__0sprintf$3)
    __scatterload_copy                       0x00001bcd   Thumb Code    14  handlers.o(i.__scatterload_copy)
    __scatterload_null                       0x00001bdb   Thumb Code     2  handlers.o(i.__scatterload_null)
    __scatterload_zeroinit                   0x00001bdd   Thumb Code    14  handlers.o(i.__scatterload_zeroinit)
    firstIndex                               0x0000202d   Thumb Code    38  string.o(i.firstIndex)
    free                                     0x00002055   Thumb Code    76  malloc.o(i.free)
    handleInterrupt                          0x000020a5   Thumb Code   118  interpreter.o(i.handleInterrupt)
    itoa                                     0x00002145   Thumb Code   132  string.o(i.itoa)
    main                                     0x000021c9   Thumb Code   110  lab1.o(i.main)
    malloc                                   0x00002239   Thumb Code    92  malloc.o(i.malloc)
    strToInt                                 0x0000232d   Thumb Code    84  string.o(i.strToInt)
    strtoklist                               0x00002381   Thumb Code   104  string.o(i.strtoklist)
    dBfs                                     0x00002a1a   Data         512  st7735.o(.constdata)
    Region$$Table$$Base                      0x00002c2c   Number         0  anon$$obj.o(Region$$Table)
    Region$$Table$$Limit                     0x00002c4c   Number         0  anon$$obj.o(Region$$Table)
    StX                                      0x20000004   Data           4  st7735.o(.data)
    StY                                      0x20000008   Data           4  st7735.o(.data)
    StTextColor                              0x2000000c   Data           2  st7735.o(.data)
    lastj                                    0x20000010   Data           4  st7735.o(.data)
    Messageindex                             0x20000060   Data           4  st7735.o(.data)
    Ymax                                     0x20000064   Data           4  st7735.o(.data)
    Ymin                                     0x20000068   Data           4  st7735.o(.data)
    X                                        0x2000006c   Data           4  st7735.o(.data)
    Yrange                                   0x20000070   Data           4  st7735.o(.data)
    interpreter_line                         0x20000084   Data           1  interpreter.o(.data)
    interpreter_device                       0x20000085   Data           1  interpreter.o(.data)
    RxPutI                                   0x20000094   Data           4  uart.o(.data)
    RxGetI                                   0x20000098   Data           4  uart.o(.data)
    TxPutI                                   0x2000009c   Data           4  uart.o(.data)
    TxGetI                                   0x200000a0   Data           4  uart.o(.data)
    __microlib_freelist                      0x200000a4   Data           4  mvars.o(.data)
    __microlib_freelist_initialised          0x200000a8   Data           4  mvars.o(.data)
    Message                                  0x200000ac   Data          12  st7735.o(.bss)
    interpreter_msg                          0x2000018e   Data          21  interpreter.o(.bss)
    __heap_base                              0x20000358   Data           0  startup.o(HEAP)
    __heap_limit                             0x20000358   Data           0  startup.o(HEAP)
    __initial_sp                             0x20000758   Data           0  startup.o(STACK)



==============================================================================

Memory Map of the image

  Image Entry point : 0x0000026d

  Load Region LR_1 (Base: 0x00000000, Size: 0x00002cf8, Max: 0xffffffff, ABSOLUTE)

    Execution Region ER_RO (Base: 0x00000000, Size: 0x00002c4c, Max: 0xffffffff, ABSOLUTE)

    Base Addr    Size         Type   Attr      Idx    E Section Name        Object

    0x00000000   0x00000284   Code   RO            3  * RESET               startup.o
    0x00000284   0x00000000   Code   RO         1017  * .ARM.Collect$$$$00000000  mc_w.l(entry.o)
    0x00000284   0x00000004   Code   RO         1317    .ARM.Collect$$$$00000001  mc_w.l(entry2.o)
    0x00000288   0x00000004   Code   RO         1320    .ARM.Collect$$$$00000004  mc_w.l(entry5.o)
    0x0000028c   0x00000000   Code   RO         1322    .ARM.Collect$$$$00000008  mc_w.l(entry7b.o)
    0x0000028c   0x00000000   Code   RO         1324    .ARM.Collect$$$$0000000A  mc_w.l(entry8b.o)
    0x0000028c   0x00000008   Code   RO         1325    .ARM.Collect$$$$0000000B  mc_w.l(entry9a.o)
    0x00000294   0x00000000   Code   RO         1327    .ARM.Collect$$$$0000000D  mc_w.l(entry10a.o)
    0x00000294   0x00000000   Code   RO         1329    .ARM.Collect$$$$0000000F  mc_w.l(entry11a.o)
    0x00000294   0x00000004   Code   RO         1318    .ARM.Collect$$$$00002712  mc_w.l(entry2.o)
    0x00000298   0x0000001c   Code   RO            4    .text               startup.o
    0x000002b4   0x000000e4   Code   RO         1309    .text               mf_w.l(dmul.o)
    0x00000398   0x000000de   Code   RO         1311    .text               mf_w.l(ddiv.o)
    0x00000476   0x0000001a   Code   RO         1313    .text               mf_w.l(dfltui.o)
    0x00000490   0x0000003e   Code   RO         1315    .text               mf_w.l(dfixi.o)
    0x000004ce   0x0000002c   Code   RO         1332    .text               mc_w.l(uidiv.o)
    0x000004fa   0x00000020   Code   RO         1336    .text               mc_w.l(llushr.o)
    0x0000051a   0x00000000   Code   RO         1344    .text               mc_w.l(iusefp.o)
    0x0000051a   0x000000be   Code   RO         1345    .text               mf_w.l(depilogue.o)
    0x000005d8   0x00000024   Code   RO         1353    .text               mc_w.l(init.o)
    0x000005fc   0x0000001e   Code   RO         1355    .text               mc_w.l(llshl.o)
    0x0000061a   0x00000002   PAD
    0x0000061c   0x00000024   Code   RO          479    i.ADC0Seq3_Handler  adct2atrigger.o
    0x00000640   0x00000040   Code   RO          482    i.ADC_GetVoltage    adct2atrigger.o
    0x00000680   0x0000001c   Code   RO          483    i.ADC_RTVoltageToggle  adct2atrigger.o
    0x0000069c   0x00000034   Code   RO          530    i.Clock_GetDate     clock.o
    0x000006d0   0x000000a0   Code   RO          531    i.Clock_GetTime     clock.o
    0x00000770   0x0000000c   Code   RO          532    i.Clock_Init        clock.o
    0x0000077c   0x0000005c   Code   RO          533    i.Clock_SetClock    clock.o
    0x000007d8   0x00000020   Code   RO           34    i.Delay1ms          st7735.o
    0x000007f8   0x0000013c   Code   RO          631    i.INTERPRETER_calculator  interpreter.o
    0x00000934   0x00000018   Code   RO          632    i.INTERPRETER_clearMsg  interpreter.o
    0x0000094c   0x00000028   Code   RO          633    i.INTERPRETER_detectOperator  interpreter.o
    0x00000974   0x0000002c   Code   RO          634    i.INTERPRETER_fixArray0  interpreter.o
    0x000009a0   0x00000188   Code   RO          635    i.INTERPRETER_handleCommand  interpreter.o
    0x00000b28   0x00000060   Code   RO          636    i.INTERPRETER_handleParam1  interpreter.o
    0x00000b88   0x0000018c   Code   RO          638    i.INTERPRETER_parseMessage  interpreter.o
    0x00000d14   0x00000012   Code   RO          781    i.LengthOfString    string.o
    0x00000d26   0x00000002   PAD
    0x00000d28   0x0000010c   Code   RO          540    i.NameOfMonth       clock.o
    0x00000e34   0x00000010   Code   RO          711    i.OutCRLF           lab1.o
    0x00000e44   0x0000007c   Code   RO           12    i.PLL_Init          pll.o
    0x00000ec0   0x00000058   Code   RO          484    i.PrintVoltage      adct2atrigger.o
    0x00000f18   0x0000003c   Code   RO          886    i.RxFifo_Get        uart.o
    0x00000f54   0x0000003c   Code   RO          888    i.RxFifo_Put        uart.o
    0x00000f90   0x00000018   Code   RO          889    i.RxFifo_Size       uart.o
    0x00000fa8   0x000000f4   Code   RO           44    i.ST7735_DrawCharS  st7735.o
    0x0000109c   0x0000007c   Code   RO           45    i.ST7735_DrawFastHLine  st7735.o
    0x00001118   0x00000048   Code   RO           47    i.ST7735_DrawPixel  st7735.o
    0x00001160   0x00000056   Code   RO           48    i.ST7735_DrawString  st7735.o
    0x000011b6   0x00000002   PAD
    0x000011b8   0x000000ac   Code   RO           49    i.ST7735_FillRect   st7735.o
    0x00001264   0x00000024   Code   RO           50    i.ST7735_FillScreen  st7735.o
    0x00001288   0x0000007c   Code   RO           52    i.ST7735_InitR      st7735.o
    0x00001304   0x00000020   Code   RO           65    i.ST7735_SetCursor  st7735.o
    0x00001324   0x00000090   Code   RO           76    i.ST7735_ds_FillRect  st7735.o
    0x000013b4   0x00000038   Code   RO           77    i.ST7735_ds_FillScreen  st7735.o
    0x000013ec   0x00000026   Code   RO           79    i.ST7735_ds_InitR   st7735.o
    0x00001412   0x00000002   PAD
    0x00001414   0x0000006c   Code   RO           81    i.ST7735_ds_Message  st7735.o
    0x00001480   0x0000011c   Code   RO           82    i.ST7735_ds_OutChar  st7735.o
    0x0000159c   0x0000001c   Code   RO           83    i.ST7735_ds_OutString  st7735.o
    0x000015b8   0x0000004c   Code   RO           93    i.ST7735_ds_SetCursor  st7735.o
    0x00001604   0x00000104   Code   RO           95    i.ST7735_ds_commonInit  st7735.o
    0x00001708   0x000000b0   Code   RO           96    i.ST7735_ds_screenStats  st7735.o
    0x000017b8   0x0000003c   Code   RO          825    i.Timer4A_Handler   timer4a.o
    0x000017f4   0x0000000c   Code   RO          827    i.Timer4A_ReadPeriodicTime  timer4a.o
    0x00001800   0x00000020   Code   RO          541    i.Timer5A_Handler   clock.o
    0x00001820   0x00000070   Code   RO          874    i.Timer5A_Init      timer5a.o
    0x00001890   0x0000003c   Code   RO          890    i.TxFifo_Get        uart.o
    0x000018cc   0x0000003c   Code   RO          892    i.TxFifo_Put        uart.o
    0x00001908   0x00000018   Code   RO          893    i.TxFifo_Size       uart.o
    0x00001920   0x00000058   Code   RO          894    i.UART0_Handler     uart.o
    0x00001978   0x00000014   Code   RO          895    i.UART_InChar       uart.o
    0x0000198c   0x00000046   Code   RO          896    i.UART_InString     uart.o
    0x000019d2   0x00000002   PAD
    0x000019d4   0x00000034   Code   RO          900    i.UART_OutChar      uart.o
    0x00001a08   0x00000018   Code   RO          901    i.UART_OutString    uart.o
    0x00001a20   0x00000068   Code   RO          542    i.UpdateDaysInMonth  clock.o
    0x00001a88   0x00000058   Code   RO          543    i.UpdateLeapYear    clock.o
    0x00001ae0   0x000000c4   Code   RO          544    i.UpdateTime        clock.o
    0x00001ba4   0x00000028   Code   RO         1111    i.__0sprintf$3      mc_w.l(printf3.o)
    0x00001bcc   0x0000000e   Code   RO         1361    i.__scatterload_copy  mc_w.l(handlers.o)
    0x00001bda   0x00000002   Code   RO         1362    i.__scatterload_null  mc_w.l(handlers.o)
    0x00001bdc   0x0000000e   Code   RO         1363    i.__scatterload_zeroinit  mc_w.l(handlers.o)
    0x00001bea   0x00000002   PAD
    0x00001bec   0x000001b8   Code   RO         1116    i._printf_core      mc_w.l(printf3.o)
    0x00001da4   0x0000000a   Code   RO         1118    i._sputc            mc_w.l(printf3.o)
    0x00001dae   0x00000056   Code   RO           97    i.commandList       st7735.o
    0x00001e04   0x00000184   Code   RO           98    i.commonInit        st7735.o
    0x00001f88   0x00000030   Code   RO          904    i.copyHardwareToSoftware  uart.o
    0x00001fb8   0x0000002c   Code   RO          905    i.copySoftwareToHardware  uart.o
    0x00001fe4   0x00000048   Code   RO          101    i.fillmessage       st7735.o
    0x0000202c   0x00000026   Code   RO          782    i.firstIndex        string.o
    0x00002052   0x00000002   PAD
    0x00002054   0x00000050   Code   RO         1281    i.free              mc_w.l(malloc.o)
    0x000020a4   0x000000a0   Code   RO          640    i.handleInterrupt   interpreter.o
    0x00002144   0x00000084   Code   RO          783    i.itoa              string.o
    0x000021c8   0x0000006e   Code   RO          712    i.main              lab1.o
    0x00002236   0x00000002   PAD
    0x00002238   0x0000006c   Code   RO         1282    i.malloc            mc_w.l(malloc.o)
    0x000022a4   0x00000012   Code   RO          103    i.pushColor         st7735.o
    0x000022b6   0x00000002   PAD
    0x000022b8   0x00000074   Code   RO          104    i.setAddrWindow     st7735.o
    0x0000232c   0x00000054   Code   RO          784    i.strToInt          string.o
    0x00002380   0x00000068   Code   RO          786    i.strtoklist        string.o
    0x000023e8   0x00000030   Code   RO          105    i.writecommand      st7735.o
    0x00002418   0x00000020   Code   RO          106    i.writedata         st7735.o
    0x00002438   0x000007e2   Data   RO          108    .constdata          st7735.o
    0x00002c1a   0x00000010   Data   RO          642    .conststring        interpreter.o
    0x00002c2a   0x00000002   PAD
    0x00002c2c   0x00000020   Data   RO         1359    Region$$Table       anon$$obj.o


    Execution Region ER_RW (Base: 0x20000000, Size: 0x000000ac, Max: 0xffffffff, ABSOLUTE)

    Base Addr    Size         Type   Attr      Idx    E Section Name        Object

    0x20000000   0x00000074   Data   RW          109    .data               st7735.o
    0x20000074   0x00000004   Data   RW          486    .data               adct2atrigger.o
    0x20000078   0x0000000c   Data   RW          545    .data               clock.o
    0x20000084   0x00000008   Data   RW          643    .data               interpreter.o
    0x2000008c   0x00000008   Data   RW          831    .data               timer4a.o
    0x20000094   0x00000010   Data   RW          907    .data               uart.o
    0x200000a4   0x00000004   Data   RW         1342    .data               mc_w.l(mvars.o)
    0x200000a8   0x00000004   Data   RW         1343    .data               mc_w.l(mvars.o)


    Execution Region ER_ZI (Base: 0x200000ac, Size: 0x000006ac, Max: 0xffffffff, ABSOLUTE)

    Base Addr    Size         Type   Attr      Idx    E Section Name        Object

    0x200000ac   0x0000000c   Zero   RW          107    .bss                st7735.o
    0x200000b8   0x00000040   Zero   RW          485    .bss                adct2atrigger.o
    0x200000f8   0x000000ab   Zero   RW          641    .bss                interpreter.o
    0x200001a3   0x00000001   PAD
    0x200001a4   0x00000190   Zero   RW          830    .bss                timer4a.o
    0x20000334   0x00000020   Zero   RW          906    .bss                uart.o
    0x20000354   0x00000004   PAD
    0x20000358   0x00000000   Zero   RW            2    HEAP                startup.o
    0x20000358   0x00000400   Zero   RW            1    STACK               startup.o


==============================================================================

Image component sizes


      Code (inc. data)   RO Data    RW Data    ZI Data      Debug   Object Name

       216         54          0          4         64       3185   adct2atrigger.o
      1004        292          0         12          0       4440   clock.o
      1468        108         16          8        171       5639   interpreter.o
       126          0          0          0          0        837   lab1.o
       124          6          0          0          0       4619   pll.o
      2852        364       2018        116         12      17536   st7735.o
       672        622          0          0       1024        876   startup.o
       376          0          0          0          0       3137   string.o
        72         22          0          8        400       1309   timer4a.o
       112         16          0          0          0        471   timer5a.o
       634         94          0         16         32       6648   uart.o

    ----------------------------------------------------------------------
      7670       1578       2068        164       1708      48697   Object Totals
         0          0         32          0          0          0   (incl. Generated)
        14          0          2          0          5          0   (incl. Padding)

    ----------------------------------------------------------------------

      Code (inc. data)   RO Data    RW Data    ZI Data      Debug   Library Member Name

         0          0          0          0          0          0   entry.o
         0          0          0          0          0          0   entry10a.o
         0          0          0          0          0          0   entry11a.o
         8          4          0          0          0          0   entry2.o
         4          0          0          0          0          0   entry5.o
         0          0          0          0          0          0   entry7b.o
         0          0          0          0          0          0   entry8b.o
         8          4          0          0          0          0   entry9a.o
        30          0          0          0          0          0   handlers.o
        36          8          0          0          0         68   init.o
         0          0          0          0          0          0   iusefp.o
        30          0          0          0          0         68   llshl.o
        32          0          0          0          0         68   llushr.o
       188         20          0          0          0        160   malloc.o
         0          0          0          8          0          0   mvars.o
       490         10          0          0          0        248   printf3.o
        44          0          0          0          0         80   uidiv.o
       222          0          0          0          0        100   ddiv.o
       190          0          0          0          0        176   depilogue.o
        62          0          0          0          0         80   dfixi.o
        26          0          0          0          0         76   dfltui.o
       228          0          0          0          0         96   dmul.o

    ----------------------------------------------------------------------
      1602         46          0          8          0       1220   Library Totals
         4          0          0          0          0          0   (incl. Padding)

    ----------------------------------------------------------------------

      Code (inc. data)   RO Data    RW Data    ZI Data      Debug   Library Name

       870         46          0          8          0        692   mc_w.l
       728          0          0          0          0        528   mf_w.l

    ----------------------------------------------------------------------
      1602         46          0          8          0       1220   Library Totals

    ----------------------------------------------------------------------

==============================================================================


      Code (inc. data)   RO Data    RW Data    ZI Data      Debug   

      9272       1624       2068        172       1708      45757   Grand Totals
      9272       1624       2068        172       1708      45757   ELF Image Totals
      9272       1624       2068        172          0          0   ROM Totals

==============================================================================

    Total RO  Size (Code + RO Data)                11340 (  11.07kB)
    Total RW  Size (RW Data + ZI Data)              1880 (   1.84kB)
    Total ROM Size (Code + RO Data + RW Data)      11512 (  11.24kB)

==============================================================================

